Archive member included to satisfy reference by file (symbol)

c:/st/stm32cubeide_1.0.2/stm32cubeide/plugins/com.st.stm32cube.ide.mcu.externaltools.gnu-tools-for-stm32.7-2018-q2-update.win32_1.0.0.201904181610/tools/bin/../lib/gcc/arm-none-eabi/7.3.1/../../../../arm-none-eabi/lib/thumb/v7e-m/fpv5/hard\libc_nano.a(lib_a-exit.o)
                              c:/st/stm32cubeide_1.0.2/stm32cubeide/plugins/com.st.stm32cube.ide.mcu.externaltools.gnu-tools-for-stm32.7-2018-q2-update.win32_1.0.0.201904181610/tools/bin/../lib/gcc/arm-none-eabi/7.3.1/../../../../arm-none-eabi/lib/thumb/v7e-m/fpv5/hard/crt0.o (exit)
c:/st/stm32cubeide_1.0.2/stm32cubeide/plugins/com.st.stm32cube.ide.mcu.externaltools.gnu-tools-for-stm32.7-2018-q2-update.win32_1.0.0.201904181610/tools/bin/../lib/gcc/arm-none-eabi/7.3.1/../../../../arm-none-eabi/lib/thumb/v7e-m/fpv5/hard\libc_nano.a(lib_a-fflush.o)
                              src/Lab01_task2.o (fflush)
c:/st/stm32cubeide_1.0.2/stm32cubeide/plugins/com.st.stm32cube.ide.mcu.externaltools.gnu-tools-for-stm32.7-2018-q2-update.win32_1.0.0.201904181610/tools/bin/../lib/gcc/arm-none-eabi/7.3.1/../../../../arm-none-eabi/lib/thumb/v7e-m/fpv5/hard\libc_nano.a(lib_a-findfp.o)
                              c:/st/stm32cubeide_1.0.2/stm32cubeide/plugins/com.st.stm32cube.ide.mcu.externaltools.gnu-tools-for-stm32.7-2018-q2-update.win32_1.0.0.201904181610/tools/bin/../lib/gcc/arm-none-eabi/7.3.1/../../../../arm-none-eabi/lib/thumb/v7e-m/fpv5/hard\libc_nano.a(lib_a-fflush.o) (__sinit)
c:/st/stm32cubeide_1.0.2/stm32cubeide/plugins/com.st.stm32cube.ide.mcu.externaltools.gnu-tools-for-stm32.7-2018-q2-update.win32_1.0.0.201904181610/tools/bin/../lib/gcc/arm-none-eabi/7.3.1/../../../../arm-none-eabi/lib/thumb/v7e-m/fpv5/hard\libc_nano.a(lib_a-fwalk.o)
                              c:/st/stm32cubeide_1.0.2/stm32cubeide/plugins/com.st.stm32cube.ide.mcu.externaltools.gnu-tools-for-stm32.7-2018-q2-update.win32_1.0.0.201904181610/tools/bin/../lib/gcc/arm-none-eabi/7.3.1/../../../../arm-none-eabi/lib/thumb/v7e-m/fpv5/hard\libc_nano.a(lib_a-findfp.o) (_fwalk)
c:/st/stm32cubeide_1.0.2/stm32cubeide/plugins/com.st.stm32cube.ide.mcu.externaltools.gnu-tools-for-stm32.7-2018-q2-update.win32_1.0.0.201904181610/tools/bin/../lib/gcc/arm-none-eabi/7.3.1/../../../../arm-none-eabi/lib/thumb/v7e-m/fpv5/hard\libc_nano.a(lib_a-getchar.o)
                              src/Lab01_task2.o (getchar)
c:/st/stm32cubeide_1.0.2/stm32cubeide/plugins/com.st.stm32cube.ide.mcu.externaltools.gnu-tools-for-stm32.7-2018-q2-update.win32_1.0.0.201904181610/tools/bin/../lib/gcc/arm-none-eabi/7.3.1/../../../../arm-none-eabi/lib/thumb/v7e-m/fpv5/hard\libc_nano.a(lib_a-impure.o)
                              c:/st/stm32cubeide_1.0.2/stm32cubeide/plugins/com.st.stm32cube.ide.mcu.externaltools.gnu-tools-for-stm32.7-2018-q2-update.win32_1.0.0.201904181610/tools/bin/../lib/gcc/arm-none-eabi/7.3.1/../../../../arm-none-eabi/lib/thumb/v7e-m/fpv5/hard\libc_nano.a(lib_a-exit.o) (_global_impure_ptr)
c:/st/stm32cubeide_1.0.2/stm32cubeide/plugins/com.st.stm32cube.ide.mcu.externaltools.gnu-tools-for-stm32.7-2018-q2-update.win32_1.0.0.201904181610/tools/bin/../lib/gcc/arm-none-eabi/7.3.1/../../../../arm-none-eabi/lib/thumb/v7e-m/fpv5/hard\libc_nano.a(lib_a-init.o)
                              c:/st/stm32cubeide_1.0.2/stm32cubeide/plugins/com.st.stm32cube.ide.mcu.externaltools.gnu-tools-for-stm32.7-2018-q2-update.win32_1.0.0.201904181610/tools/bin/../lib/gcc/arm-none-eabi/7.3.1/../../../../arm-none-eabi/lib/thumb/v7e-m/fpv5/hard/crt0.o (__libc_init_array)
c:/st/stm32cubeide_1.0.2/stm32cubeide/plugins/com.st.stm32cube.ide.mcu.externaltools.gnu-tools-for-stm32.7-2018-q2-update.win32_1.0.0.201904181610/tools/bin/../lib/gcc/arm-none-eabi/7.3.1/../../../../arm-none-eabi/lib/thumb/v7e-m/fpv5/hard\libc_nano.a(lib_a-memset.o)
                              c:/st/stm32cubeide_1.0.2/stm32cubeide/plugins/com.st.stm32cube.ide.mcu.externaltools.gnu-tools-for-stm32.7-2018-q2-update.win32_1.0.0.201904181610/tools/bin/../lib/gcc/arm-none-eabi/7.3.1/../../../../arm-none-eabi/lib/thumb/v7e-m/fpv5/hard/crt0.o (memset)
c:/st/stm32cubeide_1.0.2/stm32cubeide/plugins/com.st.stm32cube.ide.mcu.externaltools.gnu-tools-for-stm32.7-2018-q2-update.win32_1.0.0.201904181610/tools/bin/../lib/gcc/arm-none-eabi/7.3.1/../../../../arm-none-eabi/lib/thumb/v7e-m/fpv5/hard\libc_nano.a(lib_a-nano-freer.o)
                              c:/st/stm32cubeide_1.0.2/stm32cubeide/plugins/com.st.stm32cube.ide.mcu.externaltools.gnu-tools-for-stm32.7-2018-q2-update.win32_1.0.0.201904181610/tools/bin/../lib/gcc/arm-none-eabi/7.3.1/../../../../arm-none-eabi/lib/thumb/v7e-m/fpv5/hard\libc_nano.a(lib_a-fflush.o) (_free_r)
c:/st/stm32cubeide_1.0.2/stm32cubeide/plugins/com.st.stm32cube.ide.mcu.externaltools.gnu-tools-for-stm32.7-2018-q2-update.win32_1.0.0.201904181610/tools/bin/../lib/gcc/arm-none-eabi/7.3.1/../../../../arm-none-eabi/lib/thumb/v7e-m/fpv5/hard\libc_nano.a(lib_a-nano-mallocr.o)
[...]
Memory Configuration

Name             Origin             Length             Attributes
RAM              0x0000000020000000 0x0000000000080000 xrw
ROM              0x0000000008000000 0x0000000000200000 xr
*default*        0x0000000000000000 0xffffffffffffffff

Linker script and memory map

LOAD c:/st/stm32cubeide_1.0.2/stm32cubeide/plugins/com.st.stm32cube.ide.mcu.externaltools.gnu-tools-for-stm32.7-2018-q2-update.win32_1.0.0.201904181610/tools/bin/../lib/gcc/arm-none-eabi/7.3.1/thumb/v7e-m/fpv5/hard/crti.o
LOAD c:/st/stm32cubeide_1.0.2/stm32cubeide/plugins/com.st.stm32cube.ide.mcu.externaltools.gnu-tools-for-stm32.7-2018-q2-update.win32_1.0.0.201904181610/tools/bin/../lib/gcc/arm-none-eabi/7.3.1/thumb/v7e-m/fpv5/hard/crtbegin.o
LOAD c:/st/stm32cubeide_1.0.2/stm32cubeide/plugins/com.st.stm32cube.ide.mcu.externaltools.gnu-tools-for-stm32.7-2018-q2-update.win32_1.0.0.201904181610/tools/bin/../lib/gcc/arm-none-eabi/7.3.1/../../../../arm-none-eabi/lib/thumb/v7e-m/fpv5/hard/crt0.o
LOAD src/Lab01_task2.o
LOAD src/init.o
LOAD src/uart.o
LOAD startup/startup_stm32f769xx.o
LOAD stm32lib/CMSIS/Device/ST/STM32F7xx/Source/Templates/system_stm32f7xx.o
LOAD stm32lib/STM32F7xx_HAL_Driver/Src/Legacy/stm32f7xx_hal_can.o
LOAD stm32lib/STM32F7xx_HAL_Driver/Src/stm32f7xx_hal.o
LOAD stm32lib/STM32F7xx_HAL_Driver/Src/stm32f7xx_hal_adc.o
LOAD stm32lib/STM32F7xx_HAL_Driver/Src/stm32f7xx_hal_adc_ex.o
LOAD stm32lib/STM32F7xx_HAL_Driver/Src/stm32f7xx_hal_cortex.o
LOAD stm32lib/STM32F7xx_HAL_Driver/Src/stm32f7xx_hal_dac.o
LOAD stm32lib/STM32F7xx_HAL_Driver/Src/stm32f7xx_hal_dac_ex.o
LOAD stm32lib/STM32F7xx_HAL_Driver/Src/stm32f7xx_hal_dma.o
LOAD stm32lib/STM32F7xx_HAL_Driver/Src/stm32f7xx_hal_dma_ex.o
LOAD stm32lib/STM32F7xx_HAL_Driver/Src/stm32f7xx_hal_exti.o
LOAD stm32lib/STM32F7xx_HAL_Driver/Src/stm32f7xx_hal_gpio.o
LOAD stm32lib/STM32F7xx_HAL_Driver/Src/stm32f7xx_hal_pwr.o
LOAD stm32lib/STM32F7xx_HAL_Driver/Src/stm32f7xx_hal_pwr_ex.o
LOAD stm32lib/STM32F7xx_HAL_Driver/Src/stm32f7xx_hal_rcc.o
LOAD stm32lib/STM32F7xx_HAL_Driver/Src/stm32f7xx_hal_rcc_ex.o
LOAD stm32lib/STM32F7xx_HAL_Driver/Src/stm32f7xx_hal_spi.o
LOAD stm32lib/STM32F7xx_HAL_Driver/Src/stm32f7xx_hal_spi_ex.o
LOAD stm32lib/STM32F7xx_HAL_Driver/Src/stm32f7xx_hal_tim.o
LOAD stm32lib/STM32F7xx_HAL_Driver/Src/stm32f7xx_hal_tim_ex.o
LOAD stm32lib/STM32F7xx_HAL_Driver/Src/stm32f7xx_hal_uart.o
LOAD stm32lib/STM32F7xx_HAL_Driver/Src/stm32f7xx_hal_uart_ex.o
START GROUP
LOAD c:/st/stm32cubeide_1.0.2/stm32cubeide/plugins/com.st.stm32cube.ide.mcu.externaltools.gnu-tools-for-stm32.7-2018-q2-update.win32_1.0.0.201904181610/tools/bin/../lib/gcc/arm-none-eabi/7.3.1/../../../../arm-none-eabi/lib/thumb/v7e-m/fpv5/hard\libc_nano.a
LOAD c:/st/stm32cubeide_1.0.2/stm32cubeide/plugins/com.st.stm32cube.ide.mcu.externaltools.gnu-tools-for-stm32.7-2018-q2-update.win32_1.0.0.201904181610/tools/bin/../lib/gcc/arm-none-eabi/7.3.1/../../../../arm-none-eabi/lib/thumb/v7e-m/fpv5/hard\libm.a
END GROUP
START GROUP
LOAD c:/st/stm32cubeide_1.0.2/stm32cubeide/plugins/com.st.stm32cube.ide.mcu.externaltools.gnu-tools-for-stm32.7-2018-q2-update.win32_1.0.0.201904181610/tools/bin/../lib/gcc/arm-none-eabi/7.3.1/thumb/v7e-m/fpv5/hard\libgcc.a
LOAD c:/st/stm32cubeide_1.0.2/stm32cubeide/plugins/com.st.stm32cube.ide.mcu.externaltools.gnu-tools-for-stm32.7-2018-q2-update.win32_1.0.0.201904181610/tools/bin/../lib/gcc/arm-none-eabi/7.3.1/../../../../arm-none-eabi/lib/thumb/v7e-m/fpv5/hard\libc_nano.a
END GROUP
START GROUP
LOAD c:/st/stm32cubeide_1.0.2/stm32cubeide/plugins/com.st.stm32cube.ide.mcu.externaltools.gnu-tools-for-stm32.7-2018-q2-update.win32_1.0.0.201904181610/tools/bin/../lib/gcc/arm-none-eabi/7.3.1/thumb/v7e-m/fpv5/hard\libgcc.a
LOAD c:/st/stm32cubeide_1.0.2/stm32cubeide/plugins/com.st.stm32cube.ide.mcu.externaltools.gnu-tools-for-stm32.7-2018-q2-update.win32_1.0.0.201904181610/tools/bin/../lib/gcc/arm-none-eabi/7.3.1/../../../../arm-none-eabi/lib/thumb/v7e-m/fpv5/hard\libc_nano.a
LOAD c:/st/stm32cubeide_1.0.2/stm32cubeide/plugins/com.st.stm32cube.ide.mcu.externaltools.gnu-tools-for-stm32.7-2018-q2-update.win32_1.0.0.201904181610/tools/bin/../lib/gcc/arm-none-eabi/7.3.1/../../../../arm-none-eabi/lib/thumb/v7e-m/fpv5/hard\libnosys.a
END GROUP
START GROUP
LOAD c:/st/stm32cubeide_1.0.2/stm32cubeide/plugins/com.st.stm32cube.ide.mcu.externaltools.gnu-tools-for-stm32.7-2018-q2-update.win32_1.0.0.201904181610/tools/bin/../lib/gcc/arm-none-eabi/7.3.1/thumb/v7e-m/fpv5/hard\libgcc.a
LOAD c:/st/stm32cubeide_1.0.2/stm32cubeide/plugins/com.st.stm32cube.ide.mcu.externaltools.gnu-tools-for-stm32.7-2018-q2-update.win32_1.0.0.201904181610/tools/bin/../lib/gcc/arm-none-eabi/7.3.1/../../../../arm-none-eabi/lib/thumb/v7e-m/fpv5/hard\libc_nano.a
LOAD c:/st/stm32cubeide_1.0.2/stm32cubeide/plugins/com.st.stm32cube.ide.mcu.externaltools.gnu-tools-for-stm32.7-2018-q2-update.win32_1.0.0.201904181610/tools/bin/../lib/gcc/arm-none-eabi/7.3.1/../../../../arm-none-eabi/lib/thumb/v7e-m/fpv5/hard\libnosys.a
END GROUP
LOAD c:/st/stm32cubeide_1.0.2/stm32cubeide/plugins/com.st.stm32cube.ide.mcu.externaltools.gnu-tools-for-stm32.7-2018-q2-update.win32_1.0.0.201904181610/tools/bin/../lib/gcc/arm-none-eabi/7.3.1/thumb/v7e-m/fpv5/hard/crtend.o
LOAD c:/st/stm32cubeide_1.0.2/stm32cubeide/plugins/com.st.stm32cube.ide.mcu.externaltools.gnu-tools-for-stm32.7-2018-q2-update.win32_1.0.0.201904181610/tools/bin/../lib/gcc/arm-none-eabi/7.3.1/thumb/v7e-m/fpv5/hard/crtn.o
                0x0000000020080000                _estack = 0x20080000
                0x0000000000000000                _Min_Heap_Size = 0x0
                0x0000000000000400                _Min_Stack_Size = 0x400

.isr_vector     0x0000000008000000      0x1f8
                0x0000000008000000                . = ALIGN (0x4)
 *(.isr_vector)
 .isr_vector    0x0000000008000000      0x1f8 startup/startup_stm32f769xx.o
                0x0000000008000000                g_pfnVectors
                0x00000000080001f8                . = ALIGN (0x4)

.text           0x0000000008000200     0x3224
                0x0000000008000200                . = ALIGN (0x4)
 *(.text)
 .text          0x0000000008000200       0x40 c:/st/stm32cubeide_1.0.2/stm32cubeide/plugins/com.st.stm32cube.ide.mcu.externaltools.gnu-tools-for-stm32.7-2018-q2-update.win32_1.0.0.201904181610/tools/bin/../lib/gcc/arm-none-eabi/7.3.1/thumb/v7e-m/fpv5/hard/crtbegin.o
 .text          0x0000000008000240       0xa0 c:/st/stm32cubeide_1.0.2/stm32cubeide/plugins/com.st.stm32cube.ide.mcu.externaltools.gnu-tools-for-stm32.7-2018-q2-update.win32_1.0.0.201904181610/tools/bin/../lib/gcc/arm-none-eabi/7.3.1/../../../../arm-none-eabi/lib/thumb/v7e-m/fpv5/hard\libc_nano.a(lib_a-memchr.o)
                0x0000000008000240                memchr
 .text          0x00000000080002e0       0x30 c:/st/stm32cubeide_1.0.2/stm32cubeide/plugins/com.st.stm32cube.ide.mcu.externaltools.gnu-tools-for-stm32.7-2018-q2-update.win32_1.0.0.201904181610/tools/bin/../lib/gcc/arm-none-eabi/7.3.1/thumb/v7e-m/fpv5/hard\libgcc.a(_aeabi_uldivmod.o)
                0x00000000080002e0                __aeabi_uldivmod
 .text          0x0000000008000310      0x2cc c:/st/stm32cubeide_1.0.2/stm32cubeide/plugins/com.st.stm32cube.ide.mcu.externaltools.gnu-tools-for-stm32.7-2018-q2-update.win32_1.0.0.201904181610/tools/bin/../lib/gcc/arm-none-eabi/7.3.1/thumb/v7e-m/fpv5/hard\libgcc.a(_udivmoddi4.o)
                0x0000000008000310                __udivmoddi4
 .text          0x00000000080005dc        0x4 c:/st/stm32cubeide_1.0.2/stm32cubeide/plugins/com.st.stm32cube.ide.mcu.externaltools.gnu-tools-for-stm32.7-2018-q2-update.win32_1.0.0.201904181610/tools/bin/../lib/gcc/arm-none-eabi/7.3.1/thumb/v7e-m/fpv5/hard\libgcc.a(_dvmd_tls.o)
                0x00000000080005dc                __aeabi_idiv0
                0x00000000080005dc                __aeabi_ldiv0
 *(.text*)
 .text.main     0x00000000080005e0      0x240 src/Lab01_task2.o
                0x00000000080005e0                main
 .text.SystemClock_Config
                0x0000000008000820       0x68 src/init.o
                0x0000000008000820                SystemClock_Config
 .text.CPU_CACHE_Enable
                0x0000000008000888       0x80 src/init.o
                0x0000000008000888                CPU_CACHE_Enable
 .text.Sys_Init
                0x0000000008000908       0x24 src/init.o
                0x0000000008000908                Sys_Init
 .text.SysTick_Handler
                0x000000000800092c        0x8 src/init.o
                0x000000000800092c                SysTick_Handler
 .text.HAL_UART_MspInit
                0x0000000008000934      0x1f0 src/uart.o
                0x0000000008000934                HAL_UART_MspInit
 .text.initUart
                0x0000000008000b24       0x1a src/uart.o
                0x0000000008000b24                initUart
 *fill*         0x0000000008000b3e        0x2 
 .text._write   0x0000000008000b40       0x4c src/uart.o
                0x0000000008000b40                _write
 .text._read    0x0000000008000b8c       0x50 src/uart.o
                0x0000000008000b8c                _read
 .text.Reset_Handler
                0x0000000008000bdc       0x50 startup/startup_stm32f769xx.o
                0x0000000008000bdc                Reset_Handler
 .text.Default_Handler
                0x0000000008000c2c        0x2 startup/startup_stm32f769xx.o
                0x0000000008000c2c                RTC_Alarm_IRQHandler
                0x0000000008000c2c                EXTI2_IRQHandler
                0x0000000008000c2c                TIM8_CC_IRQHandler
                0x0000000008000c2c                DebugMon_Handler
                0x0000000008000c2c                UART8_IRQHandler
                0x0000000008000c2c                SPI4_IRQHandler
                0x0000000008000c2c                TIM1_CC_IRQHandler
                0x0000000008000c2c                DMA2_Stream5_IRQHandler
                0x0000000008000c2c                HardFault_Handler
                0x0000000008000c2c                JPEG_IRQHandler
                0x0000000008000c2c                DMA1_Stream5_IRQHandler
                0x0000000008000c2c                CAN3_RX1_IRQHandler
                0x0000000008000c2c                PVD_IRQHandler
                0x0000000008000c2c                TAMP_STAMP_IRQHandler
                0x0000000008000c2c                PendSV_Handler
                0x0000000008000c2c                NMI_Handler
                0x0000000008000c2c                CAN2_RX1_IRQHandler
                0x0000000008000c2c                EXTI3_IRQHandler
                0x0000000008000c2c                TIM8_TRG_COM_TIM14_IRQHandler
                0x0000000008000c2c                DFSDM1_FLT1_IRQHandler
                0x0000000008000c2c                TIM1_UP_TIM10_IRQHandler
                0x0000000008000c2c                TIM8_UP_TIM13_IRQHandler
                0x0000000008000c2c                I2C3_ER_IRQHandler
                0x0000000008000c2c                DFSDM1_FLT2_IRQHandler
                0x0000000008000c2c                EXTI0_IRQHandler
                0x0000000008000c2c                I2C2_EV_IRQHandler
                0x0000000008000c2c                DMA1_Stream2_IRQHandler
                0x0000000008000c2c                CAN1_RX0_IRQHandler
                0x0000000008000c2c                FPU_IRQHandler
                0x0000000008000c2c                OTG_HS_WKUP_IRQHandler
                0x0000000008000c2c                CAN3_SCE_IRQHandler
                0x0000000008000c2c                UsageFault_Handler
                0x0000000008000c2c                LTDC_ER_IRQHandler
                0x0000000008000c2c                CAN2_SCE_IRQHandler
                0x0000000008000c2c                DMA2_Stream2_IRQHandler
                0x0000000008000c2c                SPI1_IRQHandler
                0x0000000008000c2c                TIM6_DAC_IRQHandler
                0x0000000008000c2c                TIM1_BRK_TIM9_IRQHandler
                0x0000000008000c2c                DCMI_IRQHandler
                0x0000000008000c2c                CAN2_RX0_IRQHandler
                0x0000000008000c2c                DMA2_Stream3_IRQHandler
                0x0000000008000c2c                SAI2_IRQHandler
                0x0000000008000c2c                DFSDM1_FLT3_IRQHandler
                0x0000000008000c2c                USART6_IRQHandler
                0x0000000008000c2c                CAN3_RX0_IRQHandler
                0x0000000008000c2c                USART3_IRQHandler
                0x0000000008000c2c                CAN1_RX1_IRQHandler
                0x0000000008000c2c                UART5_IRQHandler
                0x0000000008000c2c                DMA2_Stream0_IRQHandler
                0x0000000008000c2c                TIM4_IRQHandler
                0x0000000008000c2c                QUADSPI_IRQHandler
                0x0000000008000c2c                I2C1_EV_IRQHandler
                0x0000000008000c2c                DMA1_Stream6_IRQHandler
                0x0000000008000c2c                DMA1_Stream1_IRQHandler
                0x0000000008000c2c                UART4_IRQHandler
                0x0000000008000c2c                TIM3_IRQHandler
                0x0000000008000c2c                RCC_IRQHandler
                0x0000000008000c2c                TIM8_BRK_TIM12_IRQHandler
                0x0000000008000c2c                Default_Handler
                0x0000000008000c2c                CEC_IRQHandler
                0x0000000008000c2c                EXTI15_10_IRQHandler
                0x0000000008000c2c                ADC_IRQHandler
                0x0000000008000c2c                DMA1_Stream7_IRQHandler
                0x0000000008000c2c                SPI5_IRQHandler
                0x0000000008000c2c                TIM7_IRQHandler
                0x0000000008000c2c                SDMMC1_IRQHandler
                0x0000000008000c2c                CAN2_TX_IRQHandler
                0x0000000008000c2c                TIM5_IRQHandler
                0x0000000008000c2c                DMA2_Stream7_IRQHandler
                0x0000000008000c2c                I2C3_EV_IRQHandler
                0x0000000008000c2c                EXTI9_5_IRQHandler
                0x0000000008000c2c                RTC_WKUP_IRQHandler
                0x0000000008000c2c                LTDC_IRQHandler
                0x0000000008000c2c                ETH_WKUP_IRQHandler
                0x0000000008000c2c                SPDIF_RX_IRQHandler
                0x0000000008000c2c                SPI2_IRQHandler
                0x0000000008000c2c                OTG_HS_EP1_IN_IRQHandler
                0x0000000008000c2c                MemManage_Handler
                0x0000000008000c2c                DMA1_Stream0_IRQHandler
                0x0000000008000c2c                CAN1_TX_IRQHandler
                0x0000000008000c2c                SVC_Handler
                0x0000000008000c2c                EXTI4_IRQHandler
                0x0000000008000c2c                RNG_IRQHandler
                0x0000000008000c2c                DSI_IRQHandler
                0x0000000008000c2c                ETH_IRQHandler
                0x0000000008000c2c                OTG_HS_EP1_OUT_IRQHandler
                0x0000000008000c2c                WWDG_IRQHandler
                0x0000000008000c2c                SPI6_IRQHandler
                0x0000000008000c2c                MDIOS_IRQHandler
                0x0000000008000c2c                I2C4_EV_IRQHandler
                0x0000000008000c2c                CAN3_TX_IRQHandler
                0x0000000008000c2c                TIM2_IRQHandler
                0x0000000008000c2c                OTG_FS_WKUP_IRQHandler
                0x0000000008000c2c                TIM1_TRG_COM_TIM11_IRQHandler
                0x0000000008000c2c                OTG_HS_IRQHandler
                0x0000000008000c2c                DMA2D_IRQHandler
                0x0000000008000c2c                EXTI1_IRQHandler
                0x0000000008000c2c                SDMMC2_IRQHandler
                0x0000000008000c2c                UART7_IRQHandler
                0x0000000008000c2c                USART2_IRQHandler
                0x0000000008000c2c                DFSDM1_FLT0_IRQHandler
                0x0000000008000c2c                I2C2_ER_IRQHandler
                0x0000000008000c2c                DMA2_Stream1_IRQHandler
                0x0000000008000c2c                CAN1_SCE_IRQHandler
                0x0000000008000c2c                FLASH_IRQHandler
                0x0000000008000c2c                DMA2_Stream4_IRQHandler
                0x0000000008000c2c                BusFault_Handler
                0x0000000008000c2c                USART1_IRQHandler
                0x0000000008000c2c                OTG_FS_IRQHandler
                0x0000000008000c2c                SPI3_IRQHandler
                0x0000000008000c2c                DMA1_Stream4_IRQHandler
                0x0000000008000c2c                I2C1_ER_IRQHandler
                0x0000000008000c2c                FMC_IRQHandler
                0x0000000008000c2c                LPTIM1_IRQHandler
                0x0000000008000c2c                I2C4_ER_IRQHandler
                0x0000000008000c2c                DMA2_Stream6_IRQHandler
                0x0000000008000c2c                SAI1_IRQHandler
                0x0000000008000c2c                DMA1_Stream3_IRQHandler
 *fill*         0x0000000008000c2e        0x2 
 .text.SystemInit
                0x0000000008000c30       0x50 stm32lib/CMSIS/Device/ST/STM32F7xx/Source/Templates/system_stm32f7xx.o
                0x0000000008000c30                SystemInit
 .text.HAL_MspInit
                0x0000000008000c80        0x2 stm32lib/STM32F7xx_HAL_Driver/Src/stm32f7xx_hal.o
                0x0000000008000c80                HAL_MspInit
 *fill*         0x0000000008000c82        0x2 
 .text.HAL_InitTick
                0x0000000008000c84       0x48 stm32lib/STM32F7xx_HAL_Driver/Src/stm32f7xx_hal.o
                0x0000000008000c84                HAL_InitTick
 .text.HAL_Init
                0x0000000008000ccc       0x2c stm32lib/STM32F7xx_HAL_Driver/Src/stm32f7xx_hal.o
                0x0000000008000ccc                HAL_Init
 .text.HAL_IncTick
                0x0000000008000cf8       0x18 stm32lib/STM32F7xx_HAL_Driver/Src/stm32f7xx_hal.o
                0x0000000008000cf8                HAL_IncTick
 .text.HAL_GetTick
                0x0000000008000d10        0xc stm32lib/STM32F7xx_HAL_Driver/Src/stm32f7xx_hal.o
                0x0000000008000d10                HAL_GetTick
 .text.HAL_Delay
                0x0000000008000d1c       0x28 stm32lib/STM32F7xx_HAL_Driver/Src/stm32f7xx_hal.o
                0x0000000008000d1c                HAL_Delay
 .text.HAL_NVIC_SetPriorityGrouping
                0x0000000008000d44       0x24 stm32lib/STM32F7xx_HAL_Driver/Src/stm32f7xx_hal_cortex.o
                0x0000000008000d44                HAL_NVIC_SetPriorityGrouping
 .text.HAL_NVIC_SetPriority
                0x0000000008000d68       0x64 stm32lib/STM32F7xx_HAL_Driver/Src/stm32f7xx_hal_cortex.o
                0x0000000008000d68                HAL_NVIC_SetPriority
 .text.HAL_NVIC_EnableIRQ
                0x0000000008000dcc       0x1c stm32lib/STM32F7xx_HAL_Driver/Src/stm32f7xx_hal_cortex.o
                0x0000000008000dcc                HAL_NVIC_EnableIRQ
 .text.HAL_SYSTICK_Config
                0x0000000008000de8       0x2c stm32lib/STM32F7xx_HAL_Driver/Src/stm32f7xx_hal_cortex.o
                0x0000000008000de8                HAL_SYSTICK_Config
 .text.DMA_SetConfig
                0x0000000008000e14       0x2c stm32lib/STM32F7xx_HAL_Driver/Src/stm32f7xx_hal_dma.o
 .text.DMA_CalcBaseAndBitshift
                0x0000000008000e40       0x38 stm32lib/STM32F7xx_HAL_Driver/Src/stm32f7xx_hal_dma.o
 .text.DMA_CheckFifoParam
                0x0000000008000e78       0x8e stm32lib/STM32F7xx_HAL_Driver/Src/stm32f7xx_hal_dma.o
 *fill*         0x0000000008000f06        0x2 
 .text.HAL_DMA_Init
                0x0000000008000f08       0xcc stm32lib/STM32F7xx_HAL_Driver/Src/stm32f7xx_hal_dma.o
                0x0000000008000f08                HAL_DMA_Init
 .text.HAL_DMA_Start
                0x0000000008000fd4       0x48 stm32lib/STM32F7xx_HAL_Driver/Src/stm32f7xx_hal_dma.o
                0x0000000008000fd4                HAL_DMA_Start
 .text.HAL_DMA_Start_IT
                0x000000000800101c       0x74 stm32lib/STM32F7xx_HAL_Driver/Src/stm32f7xx_hal_dma.o
                0x000000000800101c                HAL_DMA_Start_IT
 .text.HAL_DMA_Abort
                0x0000000008001090       0x94 stm32lib/STM32F7xx_HAL_Driver/Src/stm32f7xx_hal_dma.o
                0x0000000008001090                HAL_DMA_Abort
 .text.HAL_DMA_PollForTransfer
                0x0000000008001124      0x11c stm32lib/STM32F7xx_HAL_Driver/Src/stm32f7xx_hal_dma.o
                0x0000000008001124                HAL_DMA_PollForTransfer
 .text.HAL_GPIO_Init
                0x0000000008001240      0x1e0 stm32lib/STM32F7xx_HAL_Driver/Src/stm32f7xx_hal_gpio.o
                0x0000000008001240                HAL_GPIO_Init
 .text.HAL_PWREx_EnableOverDrive
                0x0000000008001420       0x7c stm32lib/STM32F7xx_HAL_Driver/Src/stm32f7xx_hal_pwr_ex.o
                0x0000000008001420                HAL_PWREx_EnableOverDrive
 .text.HAL_RCC_OscConfig
                0x000000000800149c      0x3d4 stm32lib/STM32F7xx_HAL_Driver/Src/stm32f7xx_hal_rcc.o
                0x000000000800149c                HAL_RCC_OscConfig
 .text.HAL_RCC_GetSysClockFreq
                0x0000000008001870       0xa8 stm32lib/STM32F7xx_HAL_Driver/Src/stm32f7xx_hal_rcc.o
                0x0000000008001870                HAL_RCC_GetSysClockFreq
 .text.HAL_RCC_ClockConfig
                0x0000000008001918      0x164 stm32lib/STM32F7xx_HAL_Driver/Src/stm32f7xx_hal_rcc.o
                0x0000000008001918                HAL_RCC_ClockConfig
 .text.HAL_RCC_GetHCLKFreq
                0x0000000008001a7c        0xc stm32lib/STM32F7xx_HAL_Driver/Src/stm32f7xx_hal_rcc.o
                0x0000000008001a7c                HAL_RCC_GetHCLKFreq
 .text.HAL_RCC_GetPCLK1Freq
                0x0000000008001a88       0x20 stm32lib/STM32F7xx_HAL_Driver/Src/stm32f7xx_hal_rcc.o
                0x0000000008001a88                HAL_RCC_GetPCLK1Freq
 .text.HAL_RCC_GetPCLK2Freq
                0x0000000008001aa8       0x20 stm32lib/STM32F7xx_HAL_Driver/Src/stm32f7xx_hal_rcc.o
                0x0000000008001aa8                HAL_RCC_GetPCLK2Freq
 .text.UART_EndTxTransfer
                0x0000000008001ac8       0x10 stm32lib/STM32F7xx_HAL_Driver/Src/stm32f7xx_hal_uart.o
 .text.UART_EndRxTransfer
                0x0000000008001ad8       0x1e stm32lib/STM32F7xx_HAL_Driver/Src/stm32f7xx_hal_uart.o
 *fill*         0x0000000008001af6        0x2 
 .text.HAL_UART_Transmit_DMA
                0x0000000008001af8       0xa8 stm32lib/STM32F7xx_HAL_Driver/Src/stm32f7xx_hal_uart.o
                0x0000000008001af8                HAL_UART_Transmit_DMA
 .text.HAL_UART_Receive_DMA
                0x0000000008001ba0       0xb0 stm32lib/STM32F7xx_HAL_Driver/Src/stm32f7xx_hal_uart.o
                0x0000000008001ba0                HAL_UART_Receive_DMA
 .text.HAL_UART_TxCpltCallback
                0x0000000008001c50        0x2 stm32lib/STM32F7xx_HAL_Driver/Src/stm32f7xx_hal_uart.o
                0x0000000008001c50                HAL_UART_TxCpltCallback
 .text.UART_DMATransmitCplt
                0x0000000008001c52       0x30 stm32lib/STM32F7xx_HAL_Driver/Src/stm32f7xx_hal_uart.o
 .text.HAL_UART_TxHalfCpltCallback
                0x0000000008001c82        0x2 stm32lib/STM32F7xx_HAL_Driver/Src/stm32f7xx_hal_uart.o
                0x0000000008001c82                HAL_UART_TxHalfCpltCallback
 .text.UART_DMATxHalfCplt
                0x0000000008001c84        0xa stm32lib/STM32F7xx_HAL_Driver/Src/stm32f7xx_hal_uart.o
 .text.HAL_UART_RxCpltCallback
                0x0000000008001c8e        0x2 stm32lib/STM32F7xx_HAL_Driver/Src/stm32f7xx_hal_uart.o
                0x0000000008001c8e                HAL_UART_RxCpltCallback
 .text.UART_DMAReceiveCplt
                0x0000000008001c90       0x3c stm32lib/STM32F7xx_HAL_Driver/Src/stm32f7xx_hal_uart.o
 .text.HAL_UART_RxHalfCpltCallback
                0x0000000008001ccc        0x2 stm32lib/STM32F7xx_HAL_Driver/Src/stm32f7xx_hal_uart.o
                0x0000000008001ccc                HAL_UART_RxHalfCpltCallback
 .text.UART_DMARxHalfCplt
                0x0000000008001cce        0xa stm32lib/STM32F7xx_HAL_Driver/Src/stm32f7xx_hal_uart.o
 .text.HAL_UART_ErrorCallback
                0x0000000008001cd8        0x2 stm32lib/STM32F7xx_HAL_Driver/Src/stm32f7xx_hal_uart.o
                0x0000000008001cd8                HAL_UART_ErrorCallback
 .text.UART_DMAError
                0x0000000008001cda       0x50 stm32lib/STM32F7xx_HAL_Driver/Src/stm32f7xx_hal_uart.o
 *fill*         0x0000000008001d2a        0x2 
 .text.UART_SetConfig
                0x0000000008001d2c      0x370 stm32lib/STM32F7xx_HAL_Driver/Src/stm32f7xx_hal_uart.o
                0x0000000008001d2c                UART_SetConfig
 .text.UART_AdvFeatureConfig
                0x000000000800209c       0xca stm32lib/STM32F7xx_HAL_Driver/Src/stm32f7xx_hal_uart.o
                0x000000000800209c                UART_AdvFeatureConfig
 .text.UART_WaitOnFlagUntilTimeout
                0x0000000008002166       0x60 stm32lib/STM32F7xx_HAL_Driver/Src/stm32f7xx_hal_uart.o
                0x0000000008002166                UART_WaitOnFlagUntilTimeout
 .text.UART_CheckIdleState
                0x00000000080021c6       0x44 stm32lib/STM32F7xx_HAL_Driver/Src/stm32f7xx_hal_uart.o
                0x00000000080021c6                UART_CheckIdleState
 .text.HAL_UART_Init
                0x000000000800220a       0x62 stm32lib/STM32F7xx_HAL_Driver/Src/stm32f7xx_hal_uart.o
                0x000000000800220a                HAL_UART_Init
 .text.__sflush_r
                0x000000000800226c      0x10c c:/st/stm32cubeide_1.0.2/stm32cubeide/plugins/com.st.stm32cube.ide.mcu.externaltools.gnu-tools-for-stm32.7-2018-q2-update.win32_1.0.0.201904181610/tools/bin/../lib/gcc/arm-none-eabi/7.3.1/../../../../arm-none-eabi/lib/thumb/v7e-m/fpv5/hard\libc_nano.a(lib_a-fflush.o)
                0x000000000800226c                __sflush_r
 .text._fflush_r
                0x0000000008002378       0x54 c:/st/stm32cubeide_1.0.2/stm32cubeide/plugins/com.st.stm32cube.ide.mcu.externaltools.gnu-tools-for-stm32.7-2018-q2-update.win32_1.0.0.201904181610/tools/bin/../lib/gcc/arm-none-eabi/7.3.1/../../../../arm-none-eabi/lib/thumb/v7e-m/fpv5/hard\libc_nano.a(lib_a-fflush.o)
                0x0000000008002378                _fflush_r
 .text.fflush   0x00000000080023cc       0x24 c:/st/stm32cubeide_1.0.2/stm32cubeide/plugins/com.st.stm32cube.ide.mcu.externaltools.gnu-tools-for-stm32.7-2018-q2-update.win32_1.0.0.201904181610/tools/bin/../lib/gcc/arm-none-eabi/7.3.1/../../../../arm-none-eabi/lib/thumb/v7e-m/fpv5/hard\libc_nano.a(lib_a-fflush.o)
                0x00000000080023cc                fflush
 .text.std      0x00000000080023f0       0x48 c:/st/stm32cubeide_1.0.2/stm32cubeide/plugins/com.st.stm32cube.ide.mcu.externaltools.gnu-tools-for-stm32.7-2018-q2-update.win32_1.0.0.201904181610/tools/bin/../lib/gcc/arm-none-eabi/7.3.1/../../../../arm-none-eabi/lib/thumb/v7e-m/fpv5/hard\libc_nano.a(lib_a-findfp.o)
 .text._cleanup_r
                0x0000000008002438        0xc c:/st/stm32cubeide_1.0.2/stm32cubeide/plugins/com.st.stm32cube.ide.mcu.externaltools.gnu-tools-for-stm32.7-2018-q2-update.win32_1.0.0.201904181610/tools/bin/../lib/gcc/arm-none-eabi/7.3.1/../../../../arm-none-eabi/lib/thumb/v7e-m/fpv5/hard\libc_nano.a(lib_a-findfp.o)
                0x0000000008002438                _cleanup_r
 .text.__sfmoreglue
                0x0000000008002444       0x2c c:/st/stm32cubeide_1.0.2/stm32cubeide/plugins/com.st.stm32cube.ide.mcu.externaltools.gnu-tools-for-stm32.7-2018-q2-update.win32_1.0.0.201904181610/tools/bin/../lib/gcc/arm-none-eabi/7.3.1/../../../../arm-none-eabi/lib/thumb/v7e-m/fpv5/hard\libc_nano.a(lib_a-findfp.o)
                0x0000000008002444                __sfmoreglue
 .text.__sinit  0x0000000008002470       0x60 c:/st/stm32cubeide_1.0.2/stm32cubeide/plugins/com.st.stm32cube.ide.mcu.externaltools.gnu-tools-for-stm32.7-2018-q2-update.win32_1.0.0.201904181610/tools/bin/../lib/gcc/arm-none-eabi/7.3.1/../../../../arm-none-eabi/lib/thumb/v7e-m/fpv5/hard\libc_nano.a(lib_a-findfp.o)
                0x0000000008002470                __sinit
 .text.__sfp    0x00000000080024d0       0x78 c:/st/stm32cubeide_1.0.2/stm32cubeide/plugins/com.st.stm32cube.ide.mcu.externaltools.gnu-tools-for-stm32.7-2018-q2-update.win32_1.0.0.201904181610/tools/bin/../lib/gcc/arm-none-eabi/7.3.1/../../../../arm-none-eabi/lib/thumb/v7e-m/fpv5/hard\libc_nano.a(lib_a-findfp.o)
                0x00000000080024d0                __sfp
 .text._fwalk   0x0000000008002548       0x38 c:/st/stm32cubeide_1.0.2/stm32cubeide/plugins/com.st.stm32cube.ide.mcu.externaltools.gnu-tools-for-stm32.7-2018-q2-update.win32_1.0.0.201904181610/tools/bin/../lib/gcc/arm-none-eabi/7.3.1/../../../../arm-none-eabi/lib/thumb/v7e-m/fpv5/hard\libc_nano.a(lib_a-fwalk.o)
                0x0000000008002548                _fwalk
 .text._fwalk_reent
                0x0000000008002580       0x3c c:/st/stm32cubeide_1.0.2/stm32cubeide/plugins/com.st.stm32cube.ide.mcu.externaltools.gnu-tools-for-stm32.7-2018-q2-update.win32_1.0.0.201904181610/tools/bin/../lib/gcc/arm-none-eabi/7.3.1/../../../../arm-none-eabi/lib/thumb/v7e-m/fpv5/hard\libc_nano.a(lib_a-fwalk.o)
                0x0000000008002580                _fwalk_reent
 .text.getchar  0x00000000080025bc       0x24 c:/st/stm32cubeide_1.0.2/stm32cubeide/plugins/com.st.stm32cube.ide.mcu.externaltools.gnu-tools-for-stm32.7-2018-q2-update.win32_1.0.0.201904181610/tools/bin/../lib/gcc/arm-none-eabi/7.3.1/../../../../arm-none-eabi/lib/thumb/v7e-m/fpv5/hard\libc_nano.a(lib_a-getchar.o)
                0x00000000080025bc                getchar
 .text.__libc_init_array
                0x00000000080025e0       0x48 c:/st/stm32cubeide_1.0.2/stm32cubeide/plugins/com.st.stm32cube.ide.mcu.externaltools.gnu-tools-for-stm32.7-2018-q2-update.win32_1.0.0.201904181610/tools/bin/../lib/gcc/arm-none-eabi/7.3.1/../../../../arm-none-eabi/lib/thumb/v7e-m/fpv5/hard\libc_nano.a(lib_a-init.o)
                0x00000000080025e0                __libc_init_array
 .text.memset   0x0000000008002628       0x10 c:/st/stm32cubeide_1.0.2/stm32cubeide/plugins/com.st.stm32cube.ide.mcu.externaltools.gnu-tools-for-stm32.7-2018-q2-update.win32_1.0.0.201904181610/tools/bin/../lib/gcc/arm-none-eabi/7.3.1/../../../../arm-none-eabi/lib/thumb/v7e-m/fpv5/hard\libc_nano.a(lib_a-memset.o)
                0x0000000008002628                memset
 .text._free_r  0x0000000008002638       0x9c c:/st/stm32cubeide_1.0.2/stm32cubeide/plugins/com.st.stm32cube.ide.mcu.externaltools.gnu-tools-for-stm32.7-2018-q2-update.win32_1.0.0.201904181610/tools/bin/../lib/gcc/arm-none-eabi/7.3.1/../../../../arm-none-eabi/lib/thumb/v7e-m/fpv5/hard\libc_nano.a(lib_a-nano-freer.o)
                0x0000000008002638                _free_r
 .text._malloc_r
                0x00000000080026d4       0xb4 c:/st/stm32cubeide_1.0.2/stm32cubeide/plugins/com.st.stm32cube.ide.mcu.externaltools.gnu-tools-for-stm32.7-2018-q2-update.win32_1.0.0.201904181610/tools/bin/../lib/gcc/arm-none-eabi/7.3.1/../../../../arm-none-eabi/lib/thumb/v7e-m/fpv5/hard\libc_nano.a(lib_a-nano-mallocr.o)
                0x00000000080026d4                _malloc_r
 .text.printf   0x0000000008002788       0x30 c:/st/stm32cubeide_1.0.2/stm32cubeide/plugins/com.st.stm32cube.ide.mcu.externaltools.gnu-tools-for-stm32.7-2018-q2-update.win32_1.0.0.201904181610/tools/bin/../lib/gcc/arm-none-eabi/7.3.1/../../../../arm-none-eabi/lib/thumb/v7e-m/fpv5/hard\libc_nano.a(lib_a-printf.o)
                0x0000000008002788                iprintf
                0x0000000008002788                printf
 .text._puts_r  0x00000000080027b8       0xb8 c:/st/stm32cubeide_1.0.2/stm32cubeide/plugins/com.st.stm32cube.ide.mcu.externaltools.gnu-tools-for-stm32.7-2018-q2-update.win32_1.0.0.201904181610/tools/bin/../lib/gcc/arm-none-eabi/7.3.1/../../../../arm-none-eabi/lib/thumb/v7e-m/fpv5/hard\libc_nano.a(lib_a-puts.o)
                0x00000000080027b8                _puts_r
 .text.puts     0x0000000008002870       0x10 c:/st/stm32cubeide_1.0.2/stm32cubeide/plugins/com.st.stm32cube.ide.mcu.externaltools.gnu-tools-for-stm32.7-2018-q2-update.win32_1.0.0.201904181610/tools/bin/../lib/gcc/arm-none-eabi/7.3.1/../../../../arm-none-eabi/lib/thumb/v7e-m/fpv5/hard\libc_nano.a(lib_a-puts.o)
                0x0000000008002870                puts
 .text._sbrk_r  0x0000000008002880       0x20 c:/st/stm32cubeide_1.0.2/stm32cubeide/plugins/com.st.stm32cube.ide.mcu.externaltools.gnu-tools-for-stm32.7-2018-q2-update.win32_1.0.0.201904181610/tools/bin/../lib/gcc/arm-none-eabi/7.3.1/../../../../arm-none-eabi/lib/thumb/v7e-m/fpv5/hard\libc_nano.a(lib_a-sbrkr.o)
                0x0000000008002880                _sbrk_r
 .text.__sread  0x00000000080028a0       0x22 c:/st/stm32cubeide_1.0.2/stm32cubeide/plugins/com.st.stm32cube.ide.mcu.externaltools.gnu-tools-for-stm32.7-2018-q2-update.win32_1.0.0.201904181610/tools/bin/../lib/gcc/arm-none-eabi/7.3.1/../../../../arm-none-eabi/lib/thumb/v7e-m/fpv5/hard\libc_nano.a(lib_a-stdio.o)
                0x00000000080028a0                __sread
 .text.__swrite
                0x00000000080028c2       0x38 c:/st/stm32cubeide_1.0.2/stm32cubeide/plugins/com.st.stm32cube.ide.mcu.externaltools.gnu-tools-for-stm32.7-2018-q2-update.win32_1.0.0.201904181610/tools/bin/../lib/gcc/arm-none-eabi/7.3.1/../../../../arm-none-eabi/lib/thumb/v7e-m/fpv5/hard\libc_nano.a(lib_a-stdio.o)
                0x00000000080028c2                __swrite
 .text.__sseek  0x00000000080028fa       0x24 c:/st/stm32cubeide_1.0.2/stm32cubeide/plugins/com.st.stm32cube.ide.mcu.externaltools.gnu-tools-for-stm32.7-2018-q2-update.win32_1.0.0.201904181610/tools/bin/../lib/gcc/arm-none-eabi/7.3.1/../../../../arm-none-eabi/lib/thumb/v7e-m/fpv5/hard\libc_nano.a(lib_a-stdio.o)
                0x00000000080028fa                __sseek
 .text.__sclose
                0x000000000800291e        0x8 c:/st/stm32cubeide_1.0.2/stm32cubeide/plugins/com.st.stm32cube.ide.mcu.externaltools.gnu-tools-for-stm32.7-2018-q2-update.win32_1.0.0.201904181610/tools/bin/../lib/gcc/arm-none-eabi/7.3.1/../../../../arm-none-eabi/lib/thumb/v7e-m/fpv5/hard\libc_nano.a(lib_a-stdio.o)
                0x000000000800291e                __sclose
 *fill*         0x0000000008002926        0x2 
 .text.__swbuf_r
                0x0000000008002928       0xa4 c:/st/stm32cubeide_1.0.2/stm32cubeide/plugins/com.st.stm32cube.ide.mcu.externaltools.gnu-tools-for-stm32.7-2018-q2-update.win32_1.0.0.201904181610/tools/bin/../lib/gcc/arm-none-eabi/7.3.1/../../../../arm-none-eabi/lib/thumb/v7e-m/fpv5/hard\libc_nano.a(lib_a-wbuf.o)
                0x0000000008002928                __swbuf_r
 .text._write_r
                0x00000000080029cc       0x24 c:/st/stm32cubeide_1.0.2/stm32cubeide/plugins/com.st.stm32cube.ide.mcu.externaltools.gnu-tools-for-stm32.7-2018-q2-update.win32_1.0.0.201904181610/tools/bin/../lib/gcc/arm-none-eabi/7.3.1/../../../../arm-none-eabi/lib/thumb/v7e-m/fpv5/hard\libc_nano.a(lib_a-writer.o)
                0x00000000080029cc                _write_r
 .text.__swsetup_r
                0x00000000080029f0       0xdc c:/st/stm32cubeide_1.0.2/stm32cubeide/plugins/com.st.stm32cube.ide.mcu.externaltools.gnu-tools-for-stm32.7-2018-q2-update.win32_1.0.0.201904181610/tools/bin/../lib/gcc/arm-none-eabi/7.3.1/../../../../arm-none-eabi/lib/thumb/v7e-m/fpv5/hard\libc_nano.a(lib_a-wsetup.o)
                0x00000000080029f0                __swsetup_r
 .text._close_r
                0x0000000008002acc       0x20 c:/st/stm32cubeide_1.0.2/stm32cubeide/plugins/com.st.stm32cube.ide.mcu.externaltools.gnu-tools-for-stm32.7-2018-q2-update.win32_1.0.0.201904181610/tools/bin/../lib/gcc/arm-none-eabi/7.3.1/../../../../arm-none-eabi/lib/thumb/v7e-m/fpv5/hard\libc_nano.a(lib_a-closer.o)
                0x0000000008002acc                _close_r
 .text._getc_r  0x0000000008002aec       0x58 c:/st/stm32cubeide_1.0.2/stm32cubeide/plugins/com.st.stm32cube.ide.mcu.externaltools.gnu-tools-for-stm32.7-2018-q2-update.win32_1.0.0.201904181610/tools/bin/../lib/gcc/arm-none-eabi/7.3.1/../../../../arm-none-eabi/lib/thumb/v7e-m/fpv5/hard\libc_nano.a(lib_a-getc.o)
                0x0000000008002aec                _getc_r
 .text._lseek_r
                0x0000000008002b44       0x24 c:/st/stm32cubeide_1.0.2/stm32cubeide/plugins/com.st.stm32cube.ide.mcu.externaltools.gnu-tools-for-stm32.7-2018-q2-update.win32_1.0.0.201904181610/tools/bin/../lib/gcc/arm-none-eabi/7.3.1/../../../../arm-none-eabi/lib/thumb/v7e-m/fpv5/hard\libc_nano.a(lib_a-lseekr.o)
                0x0000000008002b44                _lseek_r
 .text.__swhatbuf_r
                0x0000000008002b68       0x48 c:/st/stm32cubeide_1.0.2/stm32cubeide/plugins/com.st.stm32cube.ide.mcu.externaltools.gnu-tools-for-stm32.7-2018-q2-update.win32_1.0.0.201904181610/tools/bin/../lib/gcc/arm-none-eabi/7.3.1/../../../../arm-none-eabi/lib/thumb/v7e-m/fpv5/hard\libc_nano.a(lib_a-makebuf.o)
                0x0000000008002b68                __swhatbuf_r
 .text.__smakebuf_r
                0x0000000008002bb0       0x80 c:/st/stm32cubeide_1.0.2/stm32cubeide/plugins/com.st.stm32cube.ide.mcu.externaltools.gnu-tools-for-stm32.7-2018-q2-update.win32_1.0.0.201904181610/tools/bin/../lib/gcc/arm-none-eabi/7.3.1/../../../../arm-none-eabi/lib/thumb/v7e-m/fpv5/hard\libc_nano.a(lib_a-makebuf.o)
                0x0000000008002bb0                __smakebuf_r
 .text.__malloc_lock
                0x0000000008002c30        0x2 c:/st/stm32cubeide_1.0.2/stm32cubeide/plugins/com.st.stm32cube.ide.mcu.externaltools.gnu-tools-for-stm32.7-2018-q2-update.win32_1.0.0.201904181610/tools/bin/../lib/gcc/arm-none-eabi/7.3.1/../../../../arm-none-eabi/lib/thumb/v7e-m/fpv5/hard\libc_nano.a(lib_a-mlock.o)
                0x0000000008002c30                __malloc_lock
 .text.__malloc_unlock
                0x0000000008002c32        0x2 c:/st/stm32cubeide_1.0.2/stm32cubeide/plugins/com.st.stm32cube.ide.mcu.externaltools.gnu-tools-for-stm32.7-2018-q2-update.win32_1.0.0.201904181610/tools/bin/../lib/gcc/arm-none-eabi/7.3.1/../../../../arm-none-eabi/lib/thumb/v7e-m/fpv5/hard\libc_nano.a(lib_a-mlock.o)
                0x0000000008002c32                __malloc_unlock
 .text.__sfputc_r
                0x0000000008002c34       0x2e c:/st/stm32cubeide_1.0.2/stm32cubeide/plugins/com.st.stm32cube.ide.mcu.externaltools.gnu-tools-for-stm32.7-2018-q2-update.win32_1.0.0.201904181610/tools/bin/../lib/gcc/arm-none-eabi/7.3.1/../../../../arm-none-eabi/lib/thumb/v7e-m/fpv5/hard\libc_nano.a(lib_a-nano-vfprintf.o)
 .text.__sfputs_r
                0x0000000008002c62       0x24 c:/st/stm32cubeide_1.0.2/stm32cubeide/plugins/com.st.stm32cube.ide.mcu.externaltools.gnu-tools-for-stm32.7-2018-q2-update.win32_1.0.0.201904181610/tools/bin/../lib/gcc/arm-none-eabi/7.3.1/../../../../arm-none-eabi/lib/thumb/v7e-m/fpv5/hard\libc_nano.a(lib_a-nano-vfprintf.o)
                0x0000000008002c62                __sfputs_r
 *fill*         0x0000000008002c86        0x2 
 .text._vfprintf_r
                0x0000000008002c88      0x22c c:/st/stm32cubeide_1.0.2/stm32cubeide/plugins/com.st.stm32cube.ide.mcu.externaltools.gnu-tools-for-stm32.7-2018-q2-update.win32_1.0.0.201904181610/tools/bin/../lib/gcc/arm-none-eabi/7.3.1/../../../../arm-none-eabi/lib/thumb/v7e-m/fpv5/hard\libc_nano.a(lib_a-nano-vfprintf.o)
                0x0000000008002c88                _vfprintf_r
                0x0000000008002c88                _vfiprintf_r
 .text._printf_common
                0x0000000008002eb4       0xea c:/st/stm32cubeide_1.0.2/stm32cubeide/plugins/com.st.stm32cube.ide.mcu.externaltools.gnu-tools-for-stm32.7-2018-q2-update.win32_1.0.0.201904181610/tools/bin/../lib/gcc/arm-none-eabi/7.3.1/../../../../arm-none-eabi/lib/thumb/v7e-m/fpv5/hard\libc_nano.a(lib_a-nano-vfprintf_i.o)
                0x0000000008002eb4                _printf_common
 *fill*         0x0000000008002f9e        0x2 
 .text._printf_i
                0x0000000008002fa0      0x224 c:/st/stm32cubeide_1.0.2/stm32cubeide/plugins/com.st.stm32cube.ide.mcu.externaltools.gnu-tools-for-stm32.7-2018-q2-update.win32_1.0.0.201904181610/tools/bin/../lib/gcc/arm-none-eabi/7.3.1/../../../../arm-none-eabi/lib/thumb/v7e-m/fpv5/hard\libc_nano.a(lib_a-nano-vfprintf_i.o)
                0x0000000008002fa0                _printf_i
 .text._read_r  0x00000000080031c4       0x24 c:/st/stm32cubeide_1.0.2/stm32cubeide/plugins/com.st.stm32cube.ide.mcu.externaltools.gnu-tools-for-stm32.7-2018-q2-update.win32_1.0.0.201904181610/tools/bin/../lib/gcc/arm-none-eabi/7.3.1/../../../../arm-none-eabi/lib/thumb/v7e-m/fpv5/hard\libc_nano.a(lib_a-readr.o)
                0x00000000080031c4                _read_r
 .text.__srget_r
                0x00000000080031e8       0x58 c:/st/stm32cubeide_1.0.2/stm32cubeide/plugins/com.st.stm32cube.ide.mcu.externaltools.gnu-tools-for-stm32.7-2018-q2-update.win32_1.0.0.201904181610/tools/bin/../lib/gcc/arm-none-eabi/7.3.1/../../../../arm-none-eabi/lib/thumb/v7e-m/fpv5/hard\libc_nano.a(lib_a-rget.o)
                0x00000000080031e8                __srget_r
 .text._fstat_r
                0x0000000008003240       0x24 c:/st/stm32cubeide_1.0.2/stm32cubeide/plugins/com.st.stm32cube.ide.mcu.externaltools.gnu-tools-for-stm32.7-2018-q2-update.win32_1.0.0.201904181610/tools/bin/../lib/gcc/arm-none-eabi/7.3.1/../../../../arm-none-eabi/lib/thumb/v7e-m/fpv5/hard\libc_nano.a(lib_a-fstatr.o)
                0x0000000008003240                _fstat_r
 .text._isatty_r
                0x0000000008003264       0x20 c:/st/stm32cubeide_1.0.2/stm32cubeide/plugins/com.st.stm32cube.ide.mcu.externaltools.gnu-tools-for-stm32.7-2018-q2-update.win32_1.0.0.201904181610/tools/bin/../lib/gcc/arm-none-eabi/7.3.1/../../../../arm-none-eabi/lib/thumb/v7e-m/fpv5/hard\libc_nano.a(lib_a-isattyr.o)
                0x0000000008003264                _isatty_r
 .text.lflush   0x0000000008003284       0x12 c:/st/stm32cubeide_1.0.2/stm32cubeide/plugins/com.st.stm32cube.ide.mcu.externaltools.gnu-tools-for-stm32.7-2018-q2-update.win32_1.0.0.201904181610/tools/bin/../lib/gcc/arm-none-eabi/7.3.1/../../../../arm-none-eabi/lib/thumb/v7e-m/fpv5/hard\libc_nano.a(lib_a-refill.o)
 *fill*         0x0000000008003296        0x2 
 .text.__srefill_r
                0x0000000008003298      0x118 c:/st/stm32cubeide_1.0.2/stm32cubeide/plugins/com.st.stm32cube.ide.mcu.externaltools.gnu-tools-for-stm32.7-2018-q2-update.win32_1.0.0.201904181610/tools/bin/../lib/gcc/arm-none-eabi/7.3.1/../../../../arm-none-eabi/lib/thumb/v7e-m/fpv5/hard\libc_nano.a(lib_a-refill.o)
                0x0000000008003298                __srefill_r
 .text._close   0x00000000080033b0       0x10 c:/st/stm32cubeide_1.0.2/stm32cubeide/plugins/com.st.stm32cube.ide.mcu.externaltools.gnu-tools-for-stm32.7-2018-q2-update.win32_1.0.0.201904181610/tools/bin/../lib/gcc/arm-none-eabi/7.3.1/../../../../arm-none-eabi/lib/thumb/v7e-m/fpv5/hard\libnosys.a(close.o)
                0x00000000080033b0                _close
 .text._fstat   0x00000000080033c0       0x10 c:/st/stm32cubeide_1.0.2/stm32cubeide/plugins/com.st.stm32cube.ide.mcu.externaltools.gnu-tools-for-stm32.7-2018-q2-update.win32_1.0.0.201904181610/tools/bin/../lib/gcc/arm-none-eabi/7.3.1/../../../../arm-none-eabi/lib/thumb/v7e-m/fpv5/hard\libnosys.a(fstat.o)
                0x00000000080033c0                _fstat
 .text._isatty  0x00000000080033d0       0x10 c:/st/stm32cubeide_1.0.2/stm32cubeide/plugins/com.st.stm32cube.ide.mcu.externaltools.gnu-tools-for-stm32.7-2018-q2-update.win32_1.0.0.201904181610/tools/bin/../lib/gcc/arm-none-eabi/7.3.1/../../../../arm-none-eabi/lib/thumb/v7e-m/fpv5/hard\libnosys.a(isatty.o)
                0x00000000080033d0                _isatty
 .text._lseek   0x00000000080033e0       0x10 c:/st/stm32cubeide_1.0.2/stm32cubeide/plugins/com.st.stm32cube.ide.mcu.externaltools.gnu-tools-for-stm32.7-2018-q2-update.win32_1.0.0.201904181610/tools/bin/../lib/gcc/arm-none-eabi/7.3.1/../../../../arm-none-eabi/lib/thumb/v7e-m/fpv5/hard\libnosys.a(lseek.o)
                0x00000000080033e0                _lseek
 .text._sbrk    0x00000000080033f0       0x1c c:/st/stm32cubeide_1.0.2/stm32cubeide/plugins/com.st.stm32cube.ide.mcu.externaltools.gnu-tools-for-stm32.7-2018-q2-update.win32_1.0.0.201904181610/tools/bin/../lib/gcc/arm-none-eabi/7.3.1/../../../../arm-none-eabi/lib/thumb/v7e-m/fpv5/hard\libnosys.a(sbrk.o)
                0x00000000080033f0                _sbrk
 *(.glue_7)
 .glue_7        0x000000000800340c        0x0 linker stubs
 *(.glue_7t)
 .glue_7t       0x000000000800340c        0x0 linker stubs
 *(.eh_frame)
 .eh_frame      0x000000000800340c        0x0 c:/st/stm32cubeide_1.0.2/stm32cubeide/plugins/com.st.stm32cube.ide.mcu.externaltools.gnu-tools-for-stm32.7-2018-q2-update.win32_1.0.0.201904181610/tools/bin/../lib/gcc/arm-none-eabi/7.3.1/thumb/v7e-m/fpv5/hard/crtbegin.o
 *(.init)
 .init          0x000000000800340c        0x4 c:/st/stm32cubeide_1.0.2/stm32cubeide/plugins/com.st.stm32cube.ide.mcu.externaltools.gnu-tools-for-stm32.7-2018-q2-update.win32_1.0.0.201904181610/tools/bin/../lib/gcc/arm-none-eabi/7.3.1/thumb/v7e-m/fpv5/hard/crti.o
                0x000000000800340c                _init
 .init          0x0000000008003410        0x8 c:/st/stm32cubeide_1.0.2/stm32cubeide/plugins/com.st.stm32cube.ide.mcu.externaltools.gnu-tools-for-stm32.7-2018-q2-update.win32_1.0.0.201904181610/tools/bin/../lib/gcc/arm-none-eabi/7.3.1/thumb/v7e-m/fpv5/hard/crtn.o
 *(.fini)
 .fini          0x0000000008003418        0x4 c:/st/stm32cubeide_1.0.2/stm32cubeide/plugins/com.st.stm32cube.ide.mcu.externaltools.gnu-tools-for-stm32.7-2018-q2-update.win32_1.0.0.201904181610/tools/bin/../lib/gcc/arm-none-eabi/7.3.1/thumb/v7e-m/fpv5/hard/crti.o
                0x0000000008003418                _fini
 .fini          0x000000000800341c        0x8 c:/st/stm32cubeide_1.0.2/stm32cubeide/plugins/com.st.stm32cube.ide.mcu.externaltools.gnu-tools-for-stm32.7-2018-q2-update.win32_1.0.0.201904181610/tools/bin/../lib/gcc/arm-none-eabi/7.3.1/thumb/v7e-m/fpv5/hard/crtn.o
                0x0000000008003424                . = ALIGN (0x4)
                0x0000000008003424                _etext = .

.vfp11_veneer   0x0000000008003424        0x0
 .vfp11_veneer  0x0000000008003424        0x0 linker stubs

.v4_bx          0x0000000008003424        0x0
 .v4_bx         0x0000000008003424        0x0 linker stubs

.iplt           0x0000000008003424        0x0
 .iplt          0x0000000008003424        0x0 c:/st/stm32cubeide_1.0.2/stm32cubeide/plugins/com.st.stm32cube.ide.mcu.externaltools.gnu-tools-for-stm32.7-2018-q2-update.win32_1.0.0.201904181610/tools/bin/../lib/gcc/arm-none-eabi/7.3.1/thumb/v7e-m/fpv5/hard/crtbegin.o

.rodata         0x0000000008003424      0x1a8
                0x0000000008003424                . = ALIGN (0x4)
 *(.rodata)
 .rodata        0x0000000008003424       0x18 stm32lib/CMSIS/Device/ST/STM32F7xx/Source/Templates/system_stm32f7xx.o
                0x0000000008003424                AHBPrescTable
                0x0000000008003434                APBPrescTable
 .rodata        0x000000000800343c        0x8 stm32lib/STM32F7xx_HAL_Driver/Src/stm32f7xx_hal_dma.o
 *(.rodata*)
 .rodata.str1.4
                0x0000000008003444       0xf0 src/Lab01_task2.o
 .rodata.__sf_fake_stderr
                0x0000000008003534       0x20 c:/st/stm32cubeide_1.0.2/stm32cubeide/plugins/com.st.stm32cube.ide.mcu.externaltools.gnu-tools-for-stm32.7-2018-q2-update.win32_1.0.0.201904181610/tools/bin/../lib/gcc/arm-none-eabi/7.3.1/../../../../arm-none-eabi/lib/thumb/v7e-m/fpv5/hard\libc_nano.a(lib_a-findfp.o)
                0x0000000008003534                __sf_fake_stderr
 .rodata.__sf_fake_stdin
                0x0000000008003554       0x20 c:/st/stm32cubeide_1.0.2/stm32cubeide/plugins/com.st.stm32cube.ide.mcu.externaltools.gnu-tools-for-stm32.7-2018-q2-update.win32_1.0.0.201904181610/tools/bin/../lib/gcc/arm-none-eabi/7.3.1/../../../../arm-none-eabi/lib/thumb/v7e-m/fpv5/hard\libc_nano.a(lib_a-findfp.o)
                0x0000000008003554                __sf_fake_stdin
 .rodata.__sf_fake_stdout
                0x0000000008003574       0x20 c:/st/stm32cubeide_1.0.2/stm32cubeide/plugins/com.st.stm32cube.ide.mcu.externaltools.gnu-tools-for-stm32.7-2018-q2-update.win32_1.0.0.201904181610/tools/bin/../lib/gcc/arm-none-eabi/7.3.1/../../../../arm-none-eabi/lib/thumb/v7e-m/fpv5/hard\libc_nano.a(lib_a-findfp.o)
                0x0000000008003574                __sf_fake_stdout
 .rodata._global_impure_ptr
                0x0000000008003594        0x4 c:/st/stm32cubeide_1.0.2/stm32cubeide/plugins/com.st.stm32cube.ide.mcu.externaltools.gnu-tools-for-stm32.7-2018-q2-update.win32_1.0.0.201904181610/tools/bin/../lib/gcc/arm-none-eabi/7.3.1/../../../../arm-none-eabi/lib/thumb/v7e-m/fpv5/hard\libc_nano.a(lib_a-impure.o)
                0x0000000008003594                _global_impure_ptr
 .rodata._vfprintf_r.str1.1
                0x0000000008003598       0x11 c:/st/stm32cubeide_1.0.2/stm32cubeide/plugins/com.st.stm32cube.ide.mcu.externaltools.gnu-tools-for-stm32.7-2018-q2-update.win32_1.0.0.201904181610/tools/bin/../lib/gcc/arm-none-eabi/7.3.1/../../../../arm-none-eabi/lib/thumb/v7e-m/fpv5/hard\libc_nano.a(lib_a-nano-vfprintf.o)
 .rodata._printf_i.str1.1
                0x00000000080035a9       0x22 c:/st/stm32cubeide_1.0.2/stm32cubeide/plugins/com.st.stm32cube.ide.mcu.externaltools.gnu-tools-for-stm32.7-2018-q2-update.win32_1.0.0.201904181610/tools/bin/../lib/gcc/arm-none-eabi/7.3.1/../../../../arm-none-eabi/lib/thumb/v7e-m/fpv5/hard\libc_nano.a(lib_a-nano-vfprintf_i.o)
                0x00000000080035cc                . = ALIGN (0x4)
 *fill*         0x00000000080035cb        0x1 

.ARM.extab      0x00000000080035cc        0x0
                0x00000000080035cc                . = ALIGN (0x4)
 *(.ARM.extab* .gnu.linkonce.armextab.*)
                0x00000000080035cc                . = ALIGN (0x4)

.ARM            0x00000000080035cc        0x8
                0x00000000080035cc                . = ALIGN (0x4)
                0x00000000080035cc                __exidx_start = .
 *(.ARM.exidx*)
 .ARM.exidx     0x00000000080035cc        0x8 c:/st/stm32cubeide_1.0.2/stm32cubeide/plugins/com.st.stm32cube.ide.mcu.externaltools.gnu-tools-for-stm32.7-2018-q2-update.win32_1.0.0.201904181610/tools/bin/../lib/gcc/arm-none-eabi/7.3.1/thumb/v7e-m/fpv5/hard\libgcc.a(_udivmoddi4.o)
                0x00000000080035d4                __exidx_end = .
                0x00000000080035d4                . = ALIGN (0x4)

.rel.dyn        0x00000000080035d4        0x0
 .rel.iplt      0x00000000080035d4        0x0 c:/st/stm32cubeide_1.0.2/stm32cubeide/plugins/com.st.stm32cube.ide.mcu.externaltools.gnu-tools-for-stm32.7-2018-q2-update.win32_1.0.0.201904181610/tools/bin/../lib/gcc/arm-none-eabi/7.3.1/thumb/v7e-m/fpv5/hard/crtbegin.o

.preinit_array  0x00000000080035d4        0x0
                0x00000000080035d4                . = ALIGN (0x4)
                0x00000000080035d4                PROVIDE (__preinit_array_start = .)
 *(.preinit_array*)
                0x00000000080035d4                PROVIDE (__preinit_array_end = .)
                0x00000000080035d4                . = ALIGN (0x4)

.init_array     0x00000000080035d4        0x4
                0x00000000080035d4                . = ALIGN (0x4)
                0x00000000080035d4                PROVIDE (__init_array_start = .)
 *(SORT_BY_NAME(.init_array.*))
 *(.init_array*)
 .init_array    0x00000000080035d4        0x4 c:/st/stm32cubeide_1.0.2/stm32cubeide/plugins/com.st.stm32cube.ide.mcu.externaltools.gnu-tools-for-stm32.7-2018-q2-update.win32_1.0.0.201904181610/tools/bin/../lib/gcc/arm-none-eabi/7.3.1/thumb/v7e-m/fpv5/hard/crtbegin.o
                0x00000000080035d8                PROVIDE (__init_array_end = .)
                0x00000000080035d8                . = ALIGN (0x4)

.fini_array     0x00000000080035d8        0x4
                0x00000000080035d8                . = ALIGN (0x4)
                [!provide]                        PROVIDE (__fini_array_start = .)
 *(SORT_BY_NAME(.fini_array.*))
 *(.fini_array*)
 .fini_array    0x00000000080035d8        0x4 c:/st/stm32cubeide_1.0.2/stm32cubeide/plugins/com.st.stm32cube.ide.mcu.externaltools.gnu-tools-for-stm32.7-2018-q2-update.win32_1.0.0.201904181610/tools/bin/../lib/gcc/arm-none-eabi/7.3.1/thumb/v7e-m/fpv5/hard/crtbegin.o
                [!provide]                        PROVIDE (__fini_array_end = .)
                0x00000000080035dc                . = ALIGN (0x4)
                0x00000000080035dc                _sidata = LOADADDR (.data)

.data           0x0000000020000000       0x70 load address 0x00000000080035dc
                0x0000000020000000                . = ALIGN (0x4)
                0x0000000020000000                _sdata = .
 *(.data)
 .data          0x0000000020000000        0x4 stm32lib/CMSIS/Device/ST/STM32F7xx/Source/Templates/system_stm32f7xx.o
                0x0000000020000000                SystemCoreClock
 .data          0x0000000020000004        0x8 stm32lib/STM32F7xx_HAL_Driver/Src/stm32f7xx_hal.o
                0x0000000020000004                uwTickFreq
                0x0000000020000008                uwTickPrio
 *(.data*)
 .data._impure_ptr
                0x000000002000000c        0x4 c:/st/stm32cubeide_1.0.2/stm32cubeide/plugins/com.st.stm32cube.ide.mcu.externaltools.gnu-tools-for-stm32.7-2018-q2-update.win32_1.0.0.201904181610/tools/bin/../lib/gcc/arm-none-eabi/7.3.1/../../../../arm-none-eabi/lib/thumb/v7e-m/fpv5/hard\libc_nano.a(lib_a-impure.o)
                0x000000002000000c                _impure_ptr
 .data.impure_data
                0x0000000020000010       0x60 c:/st/stm32cubeide_1.0.2/stm32cubeide/plugins/com.st.stm32cube.ide.mcu.externaltools.gnu-tools-for-stm32.7-2018-q2-update.win32_1.0.0.201904181610/tools/bin/../lib/gcc/arm-none-eabi/7.3.1/../../../../arm-none-eabi/lib/thumb/v7e-m/fpv5/hard\libc_nano.a(lib_a-impure.o)
                0x0000000020000070                . = ALIGN (0x4)
                0x0000000020000070                _edata = .

.igot.plt       0x0000000020000070        0x0 load address 0x000000000800364c
 .igot.plt      0x0000000020000070        0x0 c:/st/stm32cubeide_1.0.2/stm32cubeide/plugins/com.st.stm32cube.ide.mcu.externaltools.gnu-tools-for-stm32.7-2018-q2-update.win32_1.0.0.201904181610/tools/bin/../lib/gcc/arm-none-eabi/7.3.1/thumb/v7e-m/fpv5/hard/crtbegin.o
                0x0000000020000070                . = ALIGN (0x4)

.bss            0x0000000020000070      0x314 load address 0x000000000800364c
                0x0000000020000070                _sbss = .
                0x0000000020000070                __bss_start__ = _sbss
 *(.bss)
 .bss           0x0000000020000070       0x1c c:/st/stm32cubeide_1.0.2/stm32cubeide/plugins/com.st.stm32cube.ide.mcu.externaltools.gnu-tools-for-stm32.7-2018-q2-update.win32_1.0.0.201904181610/tools/bin/../lib/gcc/arm-none-eabi/7.3.1/thumb/v7e-m/fpv5/hard/crtbegin.o
 *(.bss*)
 .bss.__malloc_free_list
                0x000000002000008c        0x4 c:/st/stm32cubeide_1.0.2/stm32cubeide/plugins/com.st.stm32cube.ide.mcu.externaltools.gnu-tools-for-stm32.7-2018-q2-update.win32_1.0.0.201904181610/tools/bin/../lib/gcc/arm-none-eabi/7.3.1/../../../../arm-none-eabi/lib/thumb/v7e-m/fpv5/hard\libc_nano.a(lib_a-nano-mallocr.o)
                0x000000002000008c                __malloc_free_list
 .bss.__malloc_sbrk_start
                0x0000000020000090        0x4 c:/st/stm32cubeide_1.0.2/stm32cubeide/plugins/com.st.stm32cube.ide.mcu.externaltools.gnu-tools-for-stm32.7-2018-q2-update.win32_1.0.0.201904181610/tools/bin/../lib/gcc/arm-none-eabi/7.3.1/../../../../arm-none-eabi/lib/thumb/v7e-m/fpv5/hard\libc_nano.a(lib_a-nano-mallocr.o)
                0x0000000020000090                __malloc_sbrk_start
 .bss.heap_end.5377
                0x0000000020000094        0x4 c:/st/stm32cubeide_1.0.2/stm32cubeide/plugins/com.st.stm32cube.ide.mcu.externaltools.gnu-tools-for-stm32.7-2018-q2-update.win32_1.0.0.201904181610/tools/bin/../lib/gcc/arm-none-eabi/7.3.1/../../../../arm-none-eabi/lib/thumb/v7e-m/fpv5/hard\libnosys.a(sbrk.o)
 *(COMMON)
 COMMON         0x0000000020000098      0x2e4 src/Lab01_task2.o
                0x0000000020000098                hdma_rx
                0x00000000200000f8                huart
                0x0000000020000178                USB_UART
                0x00000000200001f8                hdma_tx
                0x0000000020000258                spi_rx
                0x00000000200002b8                spi_tx
                0x0000000020000318                hspi
 COMMON         0x000000002000037c        0x4 stm32lib/STM32F7xx_HAL_Driver/Src/stm32f7xx_hal.o
                0x000000002000037c                uwTick
 COMMON         0x0000000020000380        0x4 c:/st/stm32cubeide_1.0.2/stm32cubeide/plugins/com.st.stm32cube.ide.mcu.externaltools.gnu-tools-for-stm32.7-2018-q2-update.win32_1.0.0.201904181610/tools/bin/../lib/gcc/arm-none-eabi/7.3.1/../../../../arm-none-eabi/lib/thumb/v7e-m/fpv5/hard\libc_nano.a(lib_a-reent.o)
                0x0000000020000380                errno
                0x0000000020000384                . = ALIGN (0x4)
                0x0000000020000384                _ebss = .
                0x0000000020000384                __bss_end__ = _ebss

._user_heap_stack
                0x0000000020000384      0x404 load address 0x000000000800364c
                0x0000000020000388                . = ALIGN (0x8)
 *fill*         0x0000000020000384        0x4 
                0x0000000020000388                PROVIDE (end = .)
                [!provide]                        PROVIDE (_end = .)
                0x0000000020000388                . = (. + _Min_Heap_Size)
                0x0000000020000788                . = (. + _Min_Stack_Size)
 *fill*         0x0000000020000388      0x400 
                0x0000000020000788                . = ALIGN (0x8)

/DISCARD/
 libc.a(*)
 libm.a(*)
 libgcc.a(*)

.ARM.attributes
                0x0000000000000000       0x2e
 *(.ARM.attributes)
 .ARM.attributes
                0x0000000000000000       0x20 c:/st/stm32cubeide_1.0.2/stm32cubeide/plugins/com.st.stm32cube.ide.mcu.externaltools.gnu-tools-for-stm32.7-2018-q2-update.win32_1.0.0.201904181610/tools/bin/../lib/gcc/arm-none-eabi/7.3.1/thumb/v7e-m/fpv5/hard/crti.o
 .ARM.attributes
                0x0000000000000020       0x32 c:/st/stm32cubeide_1.0.2/stm32cubeide/plugins/com.st.stm32cube.ide.mcu.externaltools.gnu-tools-for-stm32.7-2018-q2-update.win32_1.0.0.201904181610/tools/bin/../lib/gcc/arm-none-eabi/7.3.1/thumb/v7e-m/fpv5/hard/crtbegin.o
 .ARM.attributes
                0x0000000000000052       0x37 src/Lab01_task2.o
 .ARM.attributes
                0x0000000000000089       0x37 src/init.o
 .ARM.attributes
                0x00000000000000c0       0x37 src/uart.o
 .ARM.attributes
                0x00000000000000f7       0x21 startup/startup_stm32f769xx.o
 .ARM.attributes
                0x0000000000000118       0x37 stm32lib/CMSIS/Device/ST/STM32F7xx/Source/Templates/system_stm32f7xx.o
 .ARM.attributes
                0x000000000000014f       0x37 stm32lib/STM32F7xx_HAL_Driver/Src/stm32f7xx_hal.o
 .ARM.attributes
                0x0000000000000186       0x37 stm32lib/STM32F7xx_HAL_Driver/Src/stm32f7xx_hal_cortex.o
 .ARM.attributes
                0x00000000000001bd       0x37 stm32lib/STM32F7xx_HAL_Driver/Src/stm32f7xx_hal_dma.o
 .ARM.attributes
                0x00000000000001f4       0x37 stm32lib/STM32F7xx_HAL_Driver/Src/stm32f7xx_hal_gpio.o
 .ARM.attributes
                0x000000000000022b       0x37 stm32lib/STM32F7xx_HAL_Driver/Src/stm32f7xx_hal_pwr_ex.o
 .ARM.attributes
                0x0000000000000262       0x37 stm32lib/STM32F7xx_HAL_Driver/Src/stm32f7xx_hal_rcc.o
 .ARM.attributes
                0x0000000000000299       0x37 stm32lib/STM32F7xx_HAL_Driver/Src/stm32f7xx_hal_uart.o
 .ARM.attributes
                0x00000000000002d0       0x32 c:/st/stm32cubeide_1.0.2/stm32cubeide/plugins/com.st.stm32cube.ide.mcu.externaltools.gnu-tools-for-stm32.7-2018-q2-update.win32_1.0.0.201904181610/tools/bin/../lib/gcc/arm-none-eabi/7.3.1/../../../../arm-none-eabi/lib/thumb/v7e-m/fpv5/hard\libc_nano.a(lib_a-fflush.o)
 .ARM.attributes
                0x0000000000000302       0x32 c:/st/stm32cubeide_1.0.2/stm32cubeide/plugins/com.st.stm32cube.ide.mcu.externaltools.gnu-tools-for-stm32.7-2018-q2-update.win32_1.0.0.201904181610/tools/bin/../lib/gcc/arm-none-eabi/7.3.1/../../../../arm-none-eabi/lib/thumb/v7e-m/fpv5/hard\libc_nano.a(lib_a-findfp.o)
 .ARM.attributes
                0x0000000000000334       0x32 c:/st/stm32cubeide_1.0.2/stm32cubeide/plugins/com.st.stm32cube.ide.mcu.externaltools.gnu-tools-for-stm32.7-2018-q2-update.win32_1.0.0.201904181610/tools/bin/../lib/gcc/arm-none-eabi/7.3.1/../../../../arm-none-eabi/lib/thumb/v7e-m/fpv5/hard\libc_nano.a(lib_a-fwalk.o)
 .ARM.attributes
                0x0000000000000366       0x32 c:/st/stm32cubeide_1.0.2/stm32cubeide/plugins/com.st.stm32cube.ide.mcu.externaltools.gnu-tools-for-stm32.7-2018-q2-update.win32_1.0.0.201904181610/tools/bin/../lib/gcc/arm-none-eabi/7.3.1/../../../../arm-none-eabi/lib/thumb/v7e-m/fpv5/hard\libc_nano.a(lib_a-getchar.o)
 .ARM.attributes
                0x0000000000000398       0x32 c:/st/stm32cubeide_1.0.2/stm32cubeide/plugins/com.st.stm32cube.ide.mcu.externaltools.gnu-tools-for-stm32.7-2018-q2-update.win32_1.0.0.201904181610/tools/bin/../lib/gcc/arm-none-eabi/7.3.1/../../../../arm-none-eabi/lib/thumb/v7e-m/fpv5/hard\libc_nano.a(lib_a-impure.o)
 .ARM.attributes
                0x00000000000003ca       0x32 c:/st/stm32cubeide_1.0.2/stm32cubeide/plugins/com.st.stm32cube.ide.mcu.externaltools.gnu-tools-for-stm32.7-2018-q2-update.win32_1.0.0.201904181610/tools/bin/../lib/gcc/arm-none-eabi/7.3.1/../../../../arm-none-eabi/lib/thumb/v7e-m/fpv5/hard\libc_nano.a(lib_a-init.o)
 .ARM.attributes
                0x00000000000003fc       0x32 c:/st/stm32cubeide_1.0.2/stm32cubeide/plugins/com.st.stm32cube.ide.mcu.externaltools.gnu-tools-for-stm32.7-2018-q2-update.win32_1.0.0.201904181610/tools/bin/../lib/gcc/arm-none-eabi/7.3.1/../../../../arm-none-eabi/lib/thumb/v7e-m/fpv5/hard\libc_nano.a(lib_a-memset.o)
 .ARM.attributes
                0x000000000000042e       0x32 c:/st/stm32cubeide_1.0.2/stm32cubeide/plugins/com.st.stm32cube.ide.mcu.externaltools.gnu-tools-for-stm32.7-2018-q2-update.win32_1.0.0.201904181610/tools/bin/../lib/gcc/arm-none-eabi/7.3.1/../../../../arm-none-eabi/lib/thumb/v7e-m/fpv5/hard\libc_nano.a(lib_a-nano-freer.o)
 .ARM.attributes
                0x0000000000000460       0x32 c:/st/stm32cubeide_1.0.2/stm32cubeide/plugins/com.st.stm32cube.ide.mcu.externaltools.gnu-tools-for-stm32.7-2018-q2-update.win32_1.0.0.201904181610/tools/bin/../lib/gcc/arm-none-eabi/7.3.1/../../../../arm-none-eabi/lib/thumb/v7e-m/fpv5/hard\libc_nano.a(lib_a-nano-mallocr.o)
 .ARM.attributes
                0x0000000000000492       0x32 c:/st/stm32cubeide_1.0.2/stm32cubeide/plugins/com.st.stm32cube.ide.mcu.externaltools.gnu-tools-for-stm32.7-2018-q2-update.win32_1.0.0.201904181610/tools/bin/../lib/gcc/arm-none-eabi/7.3.1/../../../../arm-none-eabi/lib/thumb/v7e-m/fpv5/hard\libc_nano.a(lib_a-printf.o)
 .ARM.attributes
                0x00000000000004c4       0x32 c:/st/stm32cubeide_1.0.2/stm32cubeide/plugins/com.st.stm32cube.ide.mcu.externaltools.gnu-tools-for-stm32.7-2018-q2-update.win32_1.0.0.201904181610/tools/bin/../lib/gcc/arm-none-eabi/7.3.1/../../../../arm-none-eabi/lib/thumb/v7e-m/fpv5/hard\libc_nano.a(lib_a-puts.o)
 .ARM.attributes
                0x00000000000004f6       0x32 c:/st/stm32cubeide_1.0.2/stm32cubeide/plugins/com.st.stm32cube.ide.mcu.externaltools.gnu-tools-for-stm32.7-2018-q2-update.win32_1.0.0.201904181610/tools/bin/../lib/gcc/arm-none-eabi/7.3.1/../../../../arm-none-eabi/lib/thumb/v7e-m/fpv5/hard\libc_nano.a(lib_a-sbrkr.o)
 .ARM.attributes
                0x0000000000000528       0x32 c:/st/stm32cubeide_1.0.2/stm32cubeide/plugins/com.st.stm32cube.ide.mcu.externaltools.gnu-tools-for-stm32.7-2018-q2-update.win32_1.0.0.201904181610/tools/bin/../lib/gcc/arm-none-eabi/7.3.1/../../../../arm-none-eabi/lib/thumb/v7e-m/fpv5/hard\libc_nano.a(lib_a-stdio.o)
 .ARM.attributes
                0x000000000000055a       0x32 c:/st/stm32cubeide_1.0.2/stm32cubeide/plugins/com.st.stm32cube.ide.mcu.externaltools.gnu-tools-for-stm32.7-2018-q2-update.win32_1.0.0.201904181610/tools/bin/../lib/gcc/arm-none-eabi/7.3.1/../../../../arm-none-eabi/lib/thumb/v7e-m/fpv5/hard\libc_nano.a(lib_a-wbuf.o)
 .ARM.attributes
                0x000000000000058c       0x32 c:/st/stm32cubeide_1.0.2/stm32cubeide/plugins/com.st.stm32cube.ide.mcu.externaltools.gnu-tools-for-stm32.7-2018-q2-update.win32_1.0.0.201904181610/tools/bin/../lib/gcc/arm-none-eabi/7.3.1/../../../../arm-none-eabi/lib/thumb/v7e-m/fpv5/hard\libc_nano.a(lib_a-writer.o)
 .ARM.attributes
                0x00000000000005be       0x32 c:/st/stm32cubeide_1.0.2/stm32cubeide/plugins/com.st.stm32cube.ide.mcu.externaltools.gnu-tools-for-stm32.7-2018-q2-update.win32_1.0.0.201904181610/tools/bin/../lib/gcc/arm-none-eabi/7.3.1/../../../../arm-none-eabi/lib/thumb/v7e-m/fpv5/hard\libc_nano.a(lib_a-wsetup.o)
 .ARM.attributes
                0x00000000000005f0       0x32 c:/st/stm32cubeide_1.0.2/stm32cubeide/plugins/com.st.stm32cube.ide.mcu.externaltools.gnu-tools-for-stm32.7-2018-q2-update.win32_1.0.0.201904181610/tools/bin/../lib/gcc/arm-none-eabi/7.3.1/../../../../arm-none-eabi/lib/thumb/v7e-m/fpv5/hard\libc_nano.a(lib_a-closer.o)
 .ARM.attributes
                0x0000000000000622       0x32 c:/st/stm32cubeide_1.0.2/stm32cubeide/plugins/com.st.stm32cube.ide.mcu.externaltools.gnu-tools-for-stm32.7-2018-q2-update.win32_1.0.0.201904181610/tools/bin/../lib/gcc/arm-none-eabi/7.3.1/../../../../arm-none-eabi/lib/thumb/v7e-m/fpv5/hard\libc_nano.a(lib_a-getc.o)
 .ARM.attributes
                0x0000000000000654       0x32 c:/st/stm32cubeide_1.0.2/stm32cubeide/plugins/com.st.stm32cube.ide.mcu.externaltools.gnu-tools-for-stm32.7-2018-q2-update.win32_1.0.0.201904181610/tools/bin/../lib/gcc/arm-none-eabi/7.3.1/../../../../arm-none-eabi/lib/thumb/v7e-m/fpv5/hard\libc_nano.a(lib_a-lseekr.o)
 .ARM.attributes
                0x0000000000000686       0x32 c:/st/stm32cubeide_1.0.2/stm32cubeide/plugins/com.st.stm32cube.ide.mcu.externaltools.gnu-tools-for-stm32.7-2018-q2-update.win32_1.0.0.201904181610/tools/bin/../lib/gcc/arm-none-eabi/7.3.1/../../../../arm-none-eabi/lib/thumb/v7e-m/fpv5/hard\libc_nano.a(lib_a-makebuf.o)
 .ARM.attributes
                0x00000000000006b8       0x32 c:/st/stm32cubeide_1.0.2/stm32cubeide/plugins/com.st.stm32cube.ide.mcu.externaltools.gnu-tools-for-stm32.7-2018-q2-update.win32_1.0.0.201904181610/tools/bin/../lib/gcc/arm-none-eabi/7.3.1/../../../../arm-none-eabi/lib/thumb/v7e-m/fpv5/hard\libc_nano.a(lib_a-mlock.o)
 .ARM.attributes
                0x00000000000006ea       0x32 c:/st/stm32cubeide_1.0.2/stm32cubeide/plugins/com.st.stm32cube.ide.mcu.externaltools.gnu-tools-for-stm32.7-2018-q2-update.win32_1.0.0.201904181610/tools/bin/../lib/gcc/arm-none-eabi/7.3.1/../../../../arm-none-eabi/lib/thumb/v7e-m/fpv5/hard\libc_nano.a(lib_a-nano-vfprintf.o)
 .ARM.attributes
                0x000000000000071c       0x32 c:/st/stm32cubeide_1.0.2/stm32cubeide/plugins/com.st.stm32cube.ide.mcu.externaltools.gnu-tools-for-stm32.7-2018-q2-update.win32_1.0.0.201904181610/tools/bin/../lib/gcc/arm-none-eabi/7.3.1/../../../../arm-none-eabi/lib/thumb/v7e-m/fpv5/hard\libc_nano.a(lib_a-nano-vfprintf_i.o)
 .ARM.attributes
                0x000000000000074e       0x32 c:/st/stm32cubeide_1.0.2/stm32cubeide/plugins/com.st.stm32cube.ide.mcu.externaltools.gnu-tools-for-stm32.7-2018-q2-update.win32_1.0.0.201904181610/tools/bin/../lib/gcc/arm-none-eabi/7.3.1/../../../../arm-none-eabi/lib/thumb/v7e-m/fpv5/hard\libc_nano.a(lib_a-readr.o)
 .ARM.attributes
                0x0000000000000780       0x32 c:/st/stm32cubeide_1.0.2/stm32cubeide/plugins/com.st.stm32cube.ide.mcu.externaltools.gnu-tools-for-stm32.7-2018-q2-update.win32_1.0.0.201904181610/tools/bin/../lib/gcc/arm-none-eabi/7.3.1/../../../../arm-none-eabi/lib/thumb/v7e-m/fpv5/hard\libc_nano.a(lib_a-reent.o)
 .ARM.attributes
                0x00000000000007b2       0x32 c:/st/stm32cubeide_1.0.2/stm32cubeide/plugins/com.st.stm32cube.ide.mcu.externaltools.gnu-tools-for-stm32.7-2018-q2-update.win32_1.0.0.201904181610/tools/bin/../lib/gcc/arm-none-eabi/7.3.1/../../../../arm-none-eabi/lib/thumb/v7e-m/fpv5/hard\libc_nano.a(lib_a-rget.o)
 .ARM.attributes
                0x00000000000007e4       0x32 c:/st/stm32cubeide_1.0.2/stm32cubeide/plugins/com.st.stm32cube.ide.mcu.externaltools.gnu-tools-for-stm32.7-2018-q2-update.win32_1.0.0.201904181610/tools/bin/../lib/gcc/arm-none-eabi/7.3.1/../../../../arm-none-eabi/lib/thumb/v7e-m/fpv5/hard\libc_nano.a(lib_a-fstatr.o)
 .ARM.attributes
                0x0000000000000816       0x32 c:/st/stm32cubeide_1.0.2/stm32cubeide/plugins/com.st.stm32cube.ide.mcu.externaltools.gnu-tools-for-stm32.7-2018-q2-update.win32_1.0.0.201904181610/tools/bin/../lib/gcc/arm-none-eabi/7.3.1/../../../../arm-none-eabi/lib/thumb/v7e-m/fpv5/hard\libc_nano.a(lib_a-isattyr.o)
 .ARM.attributes
                0x0000000000000848       0x1e c:/st/stm32cubeide_1.0.2/stm32cubeide/plugins/com.st.stm32cube.ide.mcu.externaltools.gnu-tools-for-stm32.7-2018-q2-update.win32_1.0.0.201904181610/tools/bin/../lib/gcc/arm-none-eabi/7.3.1/../../../../arm-none-eabi/lib/thumb/v7e-m/fpv5/hard\libc_nano.a(lib_a-memchr.o)
 .ARM.attributes
                0x0000000000000866       0x32 c:/st/stm32cubeide_1.0.2/stm32cubeide/plugins/com.st.stm32cube.ide.mcu.externaltools.gnu-tools-for-stm32.7-2018-q2-update.win32_1.0.0.201904181610/tools/bin/../lib/gcc/arm-none-eabi/7.3.1/../../../../arm-none-eabi/lib/thumb/v7e-m/fpv5/hard\libc_nano.a(lib_a-refill.o)
 .ARM.attributes
                0x0000000000000898       0x20 c:/st/stm32cubeide_1.0.2/stm32cubeide/plugins/com.st.stm32cube.ide.mcu.externaltools.gnu-tools-for-stm32.7-2018-q2-update.win32_1.0.0.201904181610/tools/bin/../lib/gcc/arm-none-eabi/7.3.1/thumb/v7e-m/fpv5/hard\libgcc.a(_aeabi_uldivmod.o)
 .ARM.attributes
                0x00000000000008b8       0x32 c:/st/stm32cubeide_1.0.2/stm32cubeide/plugins/com.st.stm32cube.ide.mcu.externaltools.gnu-tools-for-stm32.7-2018-q2-update.win32_1.0.0.201904181610/tools/bin/../lib/gcc/arm-none-eabi/7.3.1/thumb/v7e-m/fpv5/hard\libgcc.a(_udivmoddi4.o)
 .ARM.attributes
                0x00000000000008ea       0x20 c:/st/stm32cubeide_1.0.2/stm32cubeide/plugins/com.st.stm32cube.ide.mcu.externaltools.gnu-tools-for-stm32.7-2018-q2-update.win32_1.0.0.201904181610/tools/bin/../lib/gcc/arm-none-eabi/7.3.1/thumb/v7e-m/fpv5/hard\libgcc.a(_dvmd_tls.o)
 .ARM.attributes
                0x000000000000090a       0x32 c:/st/stm32cubeide_1.0.2/stm32cubeide/plugins/com.st.stm32cube.ide.mcu.externaltools.gnu-tools-for-stm32.7-2018-q2-update.win32_1.0.0.201904181610/tools/bin/../lib/gcc/arm-none-eabi/7.3.1/../../../../arm-none-eabi/lib/thumb/v7e-m/fpv5/hard\libnosys.a(close.o)
 .ARM.attributes
                0x000000000000093c       0x32 c:/st/stm32cubeide_1.0.2/stm32cubeide/plugins/com.st.stm32cube.ide.mcu.externaltools.gnu-tools-for-stm32.7-2018-q2-update.win32_1.0.0.201904181610/tools/bin/../lib/gcc/arm-none-eabi/7.3.1/../../../../arm-none-eabi/lib/thumb/v7e-m/fpv5/hard\libnosys.a(fstat.o)
 .ARM.attributes
                0x000000000000096e       0x32 c:/st/stm32cubeide_1.0.2/stm32cubeide/plugins/com.st.stm32cube.ide.mcu.externaltools.gnu-tools-for-stm32.7-2018-q2-update.win32_1.0.0.201904181610/tools/bin/../lib/gcc/arm-none-eabi/7.3.1/../../../../arm-none-eabi/lib/thumb/v7e-m/fpv5/hard\libnosys.a(isatty.o)
 .ARM.attributes
                0x00000000000009a0       0x32 c:/st/stm32cubeide_1.0.2/stm32cubeide/plugins/com.st.stm32cube.ide.mcu.externaltools.gnu-tools-for-stm32.7-2018-q2-update.win32_1.0.0.201904181610/tools/bin/../lib/gcc/arm-none-eabi/7.3.1/../../../../arm-none-eabi/lib/thumb/v7e-m/fpv5/hard\libnosys.a(lseek.o)
 .ARM.attributes
                0x00000000000009d2       0x32 c:/st/stm32cubeide_1.0.2/stm32cubeide/plugins/com.st.stm32cube.ide.mcu.externaltools.gnu-tools-for-stm32.7-2018-q2-update.win32_1.0.0.201904181610/tools/bin/../lib/gcc/arm-none-eabi/7.3.1/../../../../arm-none-eabi/lib/thumb/v7e-m/fpv5/hard\libnosys.a(sbrk.o)
 .ARM.attributes
                0x0000000000000a04       0x20 c:/st/stm32cubeide_1.0.2/stm32cubeide/plugins/com.st.stm32cube.ide.mcu.externaltools.gnu-tools-for-stm32.7-2018-q2-update.win32_1.0.0.201904181610/tools/bin/../lib/gcc/arm-none-eabi/7.3.1/thumb/v7e-m/fpv5/hard/crtn.o
OUTPUT(LAB-05_Template.elf elf32-littlearm)

.debug_info     0x0000000000000000     0xb5d3
 .debug_info    0x0000000000000000     0x16df src/Lab01_task2.o
 .debug_info    0x00000000000016df     0x18c8 src/init.o
 .debug_info    0x0000000000002fa7     0x1d34 src/uart.o
 .debug_info    0x0000000000004cdb       0x22 startup/startup_stm32f769xx.o
 .debug_info    0x0000000000004cfd      0x742 stm32lib/CMSIS/Device/ST/STM32F7xx/Source/Templates/system_stm32f7xx.o
 .debug_info    0x000000000000543f      0xb57 stm32lib/STM32F7xx_HAL_Driver/Src/stm32f7xx_hal.o
 .debug_info    0x0000000000005f96     0x11f6 stm32lib/STM32F7xx_HAL_Driver/Src/stm32f7xx_hal_cortex.o
 .debug_info    0x000000000000718c      0xaaf stm32lib/STM32F7xx_HAL_Driver/Src/stm32f7xx_hal_dma.o
 .debug_info    0x0000000000007c3b      0x7f6 stm32lib/STM32F7xx_HAL_Driver/Src/stm32f7xx_hal_gpio.o
 .debug_info    0x0000000000008431      0xa48 stm32lib/STM32F7xx_HAL_Driver/Src/stm32f7xx_hal_pwr_ex.o
 .debug_info    0x0000000000008e79      0xb9a stm32lib/STM32F7xx_HAL_Driver/Src/stm32f7xx_hal_rcc.o
 .debug_info    0x0000000000009a13     0x1bc0 stm32lib/STM32F7xx_HAL_Driver/Src/stm32f7xx_hal_uart.o

.debug_abbrev   0x0000000000000000     0x18ff
 .debug_abbrev  0x0000000000000000      0x253 src/Lab01_task2.o
 .debug_abbrev  0x0000000000000253      0x2ae src/init.o
 .debug_abbrev  0x0000000000000501      0x276 src/uart.o
 .debug_abbrev  0x0000000000000777       0x12 startup/startup_stm32f769xx.o
 .debug_abbrev  0x0000000000000789      0x147 stm32lib/CMSIS/Device/ST/STM32F7xx/Source/Templates/system_stm32f7xx.o
 .debug_abbrev  0x00000000000008d0      0x1ed stm32lib/STM32F7xx_HAL_Driver/Src/stm32f7xx_hal.o
 .debug_abbrev  0x0000000000000abd      0x328 stm32lib/STM32F7xx_HAL_Driver/Src/stm32f7xx_hal_cortex.o
 .debug_abbrev  0x0000000000000de5      0x290 stm32lib/STM32F7xx_HAL_Driver/Src/stm32f7xx_hal_dma.o
 .debug_abbrev  0x0000000000001075      0x1e7 stm32lib/STM32F7xx_HAL_Driver/Src/stm32f7xx_hal_gpio.o
 .debug_abbrev  0x000000000000125c      0x1c0 stm32lib/STM32F7xx_HAL_Driver/Src/stm32f7xx_hal_pwr_ex.o
 .debug_abbrev  0x000000000000141c      0x296 stm32lib/STM32F7xx_HAL_Driver/Src/stm32f7xx_hal_rcc.o
 .debug_abbrev  0x00000000000016b2      0x24d stm32lib/STM32F7xx_HAL_Driver/Src/stm32f7xx_hal_uart.o

.debug_loc      0x0000000000000000     0x39c8
 .debug_loc     0x0000000000000000       0x52 src/Lab01_task2.o
 .debug_loc     0x0000000000000052       0xd7 src/init.o
 .debug_loc     0x0000000000000129      0x2f9 src/uart.o
 .debug_loc     0x0000000000000422      0x13e stm32lib/CMSIS/Device/ST/STM32F7xx/Source/Templates/system_stm32f7xx.o
 .debug_loc     0x0000000000000560       0xfd stm32lib/STM32F7xx_HAL_Driver/Src/stm32f7xx_hal.o
 .debug_loc     0x000000000000065d      0x5c0 stm32lib/STM32F7xx_HAL_Driver/Src/stm32f7xx_hal_cortex.o
 .debug_loc     0x0000000000000c1d      0xbc6 stm32lib/STM32F7xx_HAL_Driver/Src/stm32f7xx_hal_dma.o
 .debug_loc     0x00000000000017e3      0x497 stm32lib/STM32F7xx_HAL_Driver/Src/stm32f7xx_hal_gpio.o
 .debug_loc     0x0000000000001c7a      0x198 stm32lib/STM32F7xx_HAL_Driver/Src/stm32f7xx_hal_pwr_ex.o
 .debug_loc     0x0000000000001e12      0x4cf stm32lib/STM32F7xx_HAL_Driver/Src/stm32f7xx_hal_rcc.o
 .debug_loc     0x00000000000022e1     0x16e7 stm32lib/STM32F7xx_HAL_Driver/Src/stm32f7xx_hal_uart.o

.debug_aranges  0x0000000000000000      0x6a0
 .debug_aranges
                0x0000000000000000       0x20 src/Lab01_task2.o
 .debug_aranges
                0x0000000000000020       0x38 src/init.o
 .debug_aranges
                0x0000000000000058       0x58 src/uart.o
 .debug_aranges
                0x00000000000000b0       0x28 startup/startup_stm32f769xx.o
 .debug_aranges
                0x00000000000000d8       0x28 stm32lib/CMSIS/Device/ST/STM32F7xx/Source/Templates/system_stm32f7xx.o
 .debug_aranges
                0x0000000000000100      0x110 stm32lib/STM32F7xx_HAL_Driver/Src/stm32f7xx_hal.o
 .debug_aranges
                0x0000000000000210       0xa8 stm32lib/STM32F7xx_HAL_Driver/Src/stm32f7xx_hal_cortex.o
 .debug_aranges
                0x00000000000002b8       0x90 stm32lib/STM32F7xx_HAL_Driver/Src/stm32f7xx_hal_dma.o
 .debug_aranges
                0x0000000000000348       0x58 stm32lib/STM32F7xx_HAL_Driver/Src/stm32f7xx_hal_gpio.o
 .debug_aranges
                0x00000000000003a0       0x80 stm32lib/STM32F7xx_HAL_Driver/Src/stm32f7xx_hal_pwr_ex.o
 .debug_aranges
                0x0000000000000420       0x88 stm32lib/STM32F7xx_HAL_Driver/Src/stm32f7xx_hal_rcc.o
 .debug_aranges
                0x00000000000004a8      0x1f8 stm32lib/STM32F7xx_HAL_Driver/Src/stm32f7xx_hal_uart.o

.debug_ranges   0x0000000000000000      0x648
 .debug_ranges  0x0000000000000000       0x10 src/Lab01_task2.o
 .debug_ranges  0x0000000000000010       0x28 src/init.o
 .debug_ranges  0x0000000000000038       0x48 src/uart.o
 .debug_ranges  0x0000000000000080       0x20 startup/startup_stm32f769xx.o
 .debug_ranges  0x00000000000000a0       0x18 stm32lib/CMSIS/Device/ST/STM32F7xx/Source/Templates/system_stm32f7xx.o
 .debug_ranges  0x00000000000000b8      0x100 stm32lib/STM32F7xx_HAL_Driver/Src/stm32f7xx_hal.o
 .debug_ranges  0x00000000000001b8       0xf8 stm32lib/STM32F7xx_HAL_Driver/Src/stm32f7xx_hal_cortex.o
 .debug_ranges  0x00000000000002b0       0x80 stm32lib/STM32F7xx_HAL_Driver/Src/stm32f7xx_hal_dma.o
 .debug_ranges  0x0000000000000330       0x48 stm32lib/STM32F7xx_HAL_Driver/Src/stm32f7xx_hal_gpio.o
 .debug_ranges  0x0000000000000378       0x70 stm32lib/STM32F7xx_HAL_Driver/Src/stm32f7xx_hal_pwr_ex.o
 .debug_ranges  0x00000000000003e8       0x78 stm32lib/STM32F7xx_HAL_Driver/Src/stm32f7xx_hal_rcc.o
 .debug_ranges  0x0000000000000460      0x1e8 stm32lib/STM32F7xx_HAL_Driver/Src/stm32f7xx_hal_uart.o

.debug_macro    0x0000000000000000    0x2cfa9
 .debug_macro   0x0000000000000000      0x3e2 src/Lab01_task2.o
 .debug_macro   0x00000000000003e2      0xa66 src/Lab01_task2.o
 .debug_macro   0x0000000000000e48       0x3b src/Lab01_task2.o
 .debug_macro   0x0000000000000e83       0x22 src/Lab01_task2.o
 .debug_macro   0x0000000000000ea5       0x8e src/Lab01_task2.o
 .debug_macro   0x0000000000000f33       0x51 src/Lab01_task2.o
 .debug_macro   0x0000000000000f84       0xef src/Lab01_task2.o
 .debug_macro   0x0000000000001073       0x6a src/Lab01_task2.o
 .debug_macro   0x00000000000010dd      0x1df src/Lab01_task2.o
 .debug_macro   0x00000000000012bc       0x1c src/Lab01_task2.o
 .debug_macro   0x00000000000012d8       0x22 src/Lab01_task2.o
 .debug_macro   0x00000000000012fa       0xdf src/Lab01_task2.o
 .debug_macro   0x00000000000013d9     0x12cd src/Lab01_task2.o
 .debug_macro   0x00000000000026a6      0x11f src/Lab01_task2.o
 .debug_macro   0x00000000000027c5       0x19 src/Lab01_task2.o
 .debug_macro   0x00000000000027de    0x1fad7 src/Lab01_task2.o
 .debug_macro   0x00000000000222b5      0x1c2 src/Lab01_task2.o
 .debug_macro   0x0000000000022477       0x2e src/Lab01_task2.o
 .debug_macro   0x00000000000224a5       0x43 src/Lab01_task2.o
 .debug_macro   0x00000000000224e8     0x363d src/Lab01_task2.o
 .debug_macro   0x0000000000025b25      0x174 src/Lab01_task2.o
 .debug_macro   0x0000000000025c99       0x61 src/Lab01_task2.o
 .debug_macro   0x0000000000025cfa     0x1b3f src/Lab01_task2.o
 .debug_macro   0x0000000000027839      0x6c4 src/Lab01_task2.o
 .debug_macro   0x0000000000027efd      0x117 src/Lab01_task2.o
 .debug_macro   0x0000000000028014      0x276 src/Lab01_task2.o
 .debug_macro   0x000000000002828a       0x27 src/Lab01_task2.o
 .debug_macro   0x00000000000282b1      0x24f src/Lab01_task2.o
 .debug_macro   0x0000000000028500       0x71 src/Lab01_task2.o
 .debug_macro   0x0000000000028571       0x58 src/Lab01_task2.o
 .debug_macro   0x00000000000285c9      0x236 src/Lab01_task2.o
 .debug_macro   0x00000000000287ff      0x408 src/Lab01_task2.o
 .debug_macro   0x0000000000028c07      0x161 src/Lab01_task2.o
 .debug_macro   0x0000000000028d68      0x100 src/Lab01_task2.o
 .debug_macro   0x0000000000028e68       0xea src/Lab01_task2.o
 .debug_macro   0x0000000000028f52       0xa0 src/Lab01_task2.o
 .debug_macro   0x0000000000028ff2       0x3c src/Lab01_task2.o
 .debug_macro   0x000000000002902e      0x14f src/Lab01_task2.o
 .debug_macro   0x000000000002917d      0x3dc src/Lab01_task2.o
 .debug_macro   0x0000000000029559       0x12 src/Lab01_task2.o
 .debug_macro   0x000000000002956b      0x12f src/Lab01_task2.o
 .debug_macro   0x000000000002969a      0x108 src/Lab01_task2.o
 .debug_macro   0x00000000000297a2       0x35 src/Lab01_task2.o
 .debug_macro   0x00000000000297d7      0x2fe src/Lab01_task2.o
 .debug_macro   0x0000000000029ad5      0x9f0 src/Lab01_task2.o
 .debug_macro   0x000000000002a4c5       0xa9 src/Lab01_task2.o
 .debug_macro   0x000000000002a56e      0x519 src/Lab01_task2.o
 .debug_macro   0x000000000002aa87       0x44 src/Lab01_task2.o
 .debug_macro   0x000000000002aacb      0x15c src/Lab01_task2.o
 .debug_macro   0x000000000002ac27       0x46 src/Lab01_task2.o
 .debug_macro   0x000000000002ac6d       0x17 src/Lab01_task2.o
 .debug_macro   0x000000000002ac84       0x3c src/Lab01_task2.o
 .debug_macro   0x000000000002acc0       0x34 src/Lab01_task2.o
 .debug_macro   0x000000000002acf4       0x52 src/Lab01_task2.o
 .debug_macro   0x000000000002ad46       0x1f src/Lab01_task2.o
 .debug_macro   0x000000000002ad65       0x43 src/Lab01_task2.o
 .debug_macro   0x000000000002ada8       0x20 src/Lab01_task2.o
 .debug_macro   0x000000000002adc8      0x1a3 src/Lab01_task2.o
 .debug_macro   0x000000000002af6b      0x32a src/Lab01_task2.o
 .debug_macro   0x000000000002b295       0x10 src/Lab01_task2.o
 .debug_macro   0x000000000002b2a5       0x35 src/Lab01_task2.o
 .debug_macro   0x000000000002b2da       0x20 src/Lab01_task2.o
 .debug_macro   0x000000000002b2fa       0x1c src/Lab01_task2.o
 .debug_macro   0x000000000002b316       0x10 src/Lab01_task2.o
 .debug_macro   0x000000000002b326       0x10 src/Lab01_task2.o
 .debug_macro   0x000000000002b336       0x1c src/Lab01_task2.o
 .debug_macro   0x000000000002b352       0x52 src/Lab01_task2.o
 .debug_macro   0x000000000002b3a4       0x40 src/Lab01_task2.o
 .debug_macro   0x000000000002b3e4       0x10 src/Lab01_task2.o
 .debug_macro   0x000000000002b3f4       0x40 src/Lab01_task2.o
 .debug_macro   0x000000000002b434       0xd7 src/Lab01_task2.o
 .debug_macro   0x000000000002b50b       0x1c src/Lab01_task2.o
 .debug_macro   0x000000000002b527       0x3d src/Lab01_task2.o
 .debug_macro   0x000000000002b564       0x16 src/Lab01_task2.o
 .debug_macro   0x000000000002b57a      0x145 src/Lab01_task2.o
 .debug_macro   0x000000000002b6bf       0x4c src/Lab01_task2.o
 .debug_macro   0x000000000002b70b       0x16 src/Lab01_task2.o
 .debug_macro   0x000000000002b721       0x16 src/Lab01_task2.o
 .debug_macro   0x000000000002b737       0x29 src/Lab01_task2.o
 .debug_macro   0x000000000002b760      0x3ae src/init.o
 .debug_macro   0x000000000002bb0e      0x3a4 src/uart.o
 .debug_macro   0x000000000002beb2      0x20d stm32lib/CMSIS/Device/ST/STM32F7xx/Source/Templates/system_stm32f7xx.o
 .debug_macro   0x000000000002c0bf      0x22b stm32lib/STM32F7xx_HAL_Driver/Src/stm32f7xx_hal.o
 .debug_macro   0x000000000002c2ea      0x207 stm32lib/STM32F7xx_HAL_Driver/Src/stm32f7xx_hal_cortex.o
 .debug_macro   0x000000000002c4f1      0x20d stm32lib/STM32F7xx_HAL_Driver/Src/stm32f7xx_hal_dma.o
 .debug_macro   0x000000000002c6fe      0x23d stm32lib/STM32F7xx_HAL_Driver/Src/stm32f7xx_hal_gpio.o
 .debug_macro   0x000000000002c93b      0x21f stm32lib/STM32F7xx_HAL_Driver/Src/stm32f7xx_hal_pwr_ex.o
 .debug_macro   0x000000000002cb5a      0x22b stm32lib/STM32F7xx_HAL_Driver/Src/stm32f7xx_hal_rcc.o
 .debug_macro   0x000000000002cd85      0x224 stm32lib/STM32F7xx_HAL_Driver/Src/stm32f7xx_hal_uart.o

.debug_line     0x0000000000000000     0x7af6
 .debug_line    0x0000000000000000      0xa8e src/Lab01_task2.o
 .debug_line    0x0000000000000a8e      0xaae src/init.o
 .debug_line    0x000000000000153c      0xaea src/uart.o
 .debug_line    0x0000000000002026       0x7f startup/startup_stm32f769xx.o
 .debug_line    0x00000000000020a5      0x882 stm32lib/CMSIS/Device/ST/STM32F7xx/Source/Templates/system_stm32f7xx.o
 .debug_line    0x0000000000002927      0xa74 stm32lib/STM32F7xx_HAL_Driver/Src/stm32f7xx_hal.o
 .debug_line    0x000000000000339b      0xa83 stm32lib/STM32F7xx_HAL_Driver/Src/stm32f7xx_hal_cortex.o
 .debug_line    0x0000000000003e1e      0xb5a stm32lib/STM32F7xx_HAL_Driver/Src/stm32f7xx_hal_dma.o
 .debug_line    0x0000000000004978      0x9c1 stm32lib/STM32F7xx_HAL_Driver/Src/stm32f7xx_hal_gpio.o
 .debug_line    0x0000000000005339      0x96b stm32lib/STM32F7xx_HAL_Driver/Src/stm32f7xx_hal_pwr_ex.o
 .debug_line    0x0000000000005ca4      0xaf0 stm32lib/STM32F7xx_HAL_Driver/Src/stm32f7xx_hal_rcc.o
 .debug_line    0x0000000000006794     0x1362 stm32lib/STM32F7xx_HAL_Driver/Src/stm32f7xx_hal_uart.o

.debug_str      0x0000000000000000   0x1163b1
 .debug_str     0x0000000000000000   0x113de1 src/Lab01_task2.o
                                     0x1145ca (size before relaxing)
 .debug_str     0x0000000000113de1      0x35a src/init.o
                                     0x11478f (size before relaxing)
 .debug_str     0x000000000011413b      0x8b7 src/uart.o
                                     0x114d5e (size before relaxing)
 .debug_str     0x00000000001149f2       0x2f startup/startup_stm32f769xx.o
                                         0x5e (size before relaxing)
 .debug_str     0x0000000000114a21       0xc6 stm32lib/CMSIS/Device/ST/STM32F7xx/Source/Templates/system_stm32f7xx.o
                                     0x10febb (size before relaxing)
 .debug_str     0x0000000000114ae7      0x414 stm32lib/STM32F7xx_HAL_Driver/Src/stm32f7xx_hal.o
                                     0x110883 (size before relaxing)
 .debug_str     0x0000000000114efb      0x357 stm32lib/STM32F7xx_HAL_Driver/Src/stm32f7xx_hal_cortex.o
                                     0x11088f (size before relaxing)
 .debug_str     0x0000000000115252      0x2fa stm32lib/STM32F7xx_HAL_Driver/Src/stm32f7xx_hal_dma.o
                                     0x1101d7 (size before relaxing)
 .debug_str     0x000000000011554c      0x27e stm32lib/STM32F7xx_HAL_Driver/Src/stm32f7xx_hal_gpio.o
                                     0x110067 (size before relaxing)
 .debug_str     0x00000000001157ca      0x213 stm32lib/STM32F7xx_HAL_Driver/Src/stm32f7xx_hal_pwr_ex.o
                                     0x110117 (size before relaxing)
 .debug_str     0x00000000001159dd      0x257 stm32lib/STM32F7xx_HAL_Driver/Src/stm32f7xx_hal_rcc.o
                                     0x1101e1 (size before relaxing)
 .debug_str     0x0000000000115c34      0x77d stm32lib/STM32F7xx_HAL_Driver/Src/stm32f7xx_hal_uart.o
                                     0x110a0e (size before relaxing)

.comment        0x0000000000000000       0x7b
 .comment       0x0000000000000000       0x7b src/Lab01_task2.o
                                         0x7c (size before relaxing)
 .comment       0x000000000000007b       0x7c src/init.o
 .comment       0x000000000000007b       0x7c src/uart.o
 .comment       0x000000000000007b       0x7c stm32lib/CMSIS/Device/ST/STM32F7xx/Source/Templates/system_stm32f7xx.o
 .comment       0x000000000000007b       0x7c stm32lib/STM32F7xx_HAL_Driver/Src/stm32f7xx_hal.o
 .comment       0x000000000000007b       0x7c stm32lib/STM32F7xx_HAL_Driver/Src/stm32f7xx_hal_cortex.o
 .comment       0x000000000000007b       0x7c stm32lib/STM32F7xx_HAL_Driver/Src/stm32f7xx_hal_dma.o
 .comment       0x000000000000007b       0x7c stm32lib/STM32F7xx_HAL_Driver/Src/stm32f7xx_hal_gpio.o
 .comment       0x000000000000007b       0x7c stm32lib/STM32F7xx_HAL_Driver/Src/stm32f7xx_hal_pwr_ex.o
 .comment       0x000000000000007b       0x7c stm32lib/STM32F7xx_HAL_Driver/Src/stm32f7xx_hal_rcc.o
 .comment       0x000000000000007b       0x7c stm32lib/STM32F7xx_HAL_Driver/Src/stm32f7xx_hal_uart.o

.debug_frame    0x0000000000000000     0x1988
 .debug_frame   0x0000000000000000       0x30 src/Lab01_task2.o
 .debug_frame   0x0000000000000030       0x78 src/init.o
 .debug_frame   0x00000000000000a8      0x10c src/uart.o
 .debug_frame   0x00000000000001b4       0x3c stm32lib/CMSIS/Device/ST/STM32F7xx/Source/Templates/system_stm32f7xx.o
 .debug_frame   0x00000000000001f0      0x22c stm32lib/STM32F7xx_HAL_Driver/Src/stm32f7xx_hal.o
 .debug_frame   0x000000000000041c      0x15c stm32lib/STM32F7xx_HAL_Driver/Src/stm32f7xx_hal_cortex.o
 .debug_frame   0x0000000000000578      0x188 stm32lib/STM32F7xx_HAL_Driver/Src/stm32f7xx_hal_dma.o
 .debug_frame   0x0000000000000700       0xd8 stm32lib/STM32F7xx_HAL_Driver/Src/stm32f7xx_hal_gpio.o
 .debug_frame   0x00000000000007d8      0x134 stm32lib/STM32F7xx_HAL_Driver/Src/stm32f7xx_hal_pwr_ex.o
 .debug_frame   0x000000000000090c      0x190 stm32lib/STM32F7xx_HAL_Driver/Src/stm32f7xx_hal_rcc.o
 .debug_frame   0x0000000000000a9c      0x578 stm32lib/STM32F7xx_HAL_Driver/Src/stm32f7xx_hal_uart.o
 .debug_frame   0x0000000000001014       0x68 c:/st/stm32cubeide_1.0.2/stm32cubeide/plugins/com.st.stm32cube.ide.mcu.externaltools.gnu-tools-for-stm32.7-2018-q2-update.win32_1.0.0.201904181610/tools/bin/../lib/gcc/arm-none-eabi/7.3.1/../../../../arm-none-eabi/lib/thumb/v7e-m/fpv5/hard\libc_nano.a(lib_a-fflush.o)
 .debug_frame   0x000000000000107c      0x11c c:/st/stm32cubeide_1.0.2/stm32cubeide/plugins/com.st.stm32cube.ide.mcu.externaltools.gnu-tools-for-stm32.7-2018-q2-update.win32_1.0.0.201904181610/tools/bin/../lib/gcc/arm-none-eabi/7.3.1/../../../../arm-none-eabi/lib/thumb/v7e-m/fpv5/hard\libc_nano.a(lib_a-findfp.o)
 .debug_frame   0x0000000000001198       0x54 c:/st/stm32cubeide_1.0.2/stm32cubeide/plugins/com.st.stm32cube.ide.mcu.externaltools.gnu-tools-for-stm32.7-2018-q2-update.win32_1.0.0.201904181610/tools/bin/../lib/gcc/arm-none-eabi/7.3.1/../../../../arm-none-eabi/lib/thumb/v7e-m/fpv5/hard\libc_nano.a(lib_a-fwalk.o)
 .debug_frame   0x00000000000011ec       0x48 c:/st/stm32cubeide_1.0.2/stm32cubeide/plugins/com.st.stm32cube.ide.mcu.externaltools.gnu-tools-for-stm32.7-2018-q2-update.win32_1.0.0.201904181610/tools/bin/../lib/gcc/arm-none-eabi/7.3.1/../../../../arm-none-eabi/lib/thumb/v7e-m/fpv5/hard\libc_nano.a(lib_a-getchar.o)
 .debug_frame   0x0000000000001234       0x2c c:/st/stm32cubeide_1.0.2/stm32cubeide/plugins/com.st.stm32cube.ide.mcu.externaltools.gnu-tools-for-stm32.7-2018-q2-update.win32_1.0.0.201904181610/tools/bin/../lib/gcc/arm-none-eabi/7.3.1/../../../../arm-none-eabi/lib/thumb/v7e-m/fpv5/hard\libc_nano.a(lib_a-init.o)
 .debug_frame   0x0000000000001260       0x20 c:/st/stm32cubeide_1.0.2/stm32cubeide/plugins/com.st.stm32cube.ide.mcu.externaltools.gnu-tools-for-stm32.7-2018-q2-update.win32_1.0.0.201904181610/tools/bin/../lib/gcc/arm-none-eabi/7.3.1/../../../../arm-none-eabi/lib/thumb/v7e-m/fpv5/hard\libc_nano.a(lib_a-memset.o)
 .debug_frame   0x0000000000001280       0x38 c:/st/stm32cubeide_1.0.2/stm32cubeide/plugins/com.st.stm32cube.ide.mcu.externaltools.gnu-tools-for-stm32.7-2018-q2-update.win32_1.0.0.201904181610/tools/bin/../lib/gcc/arm-none-eabi/7.3.1/../../../../arm-none-eabi/lib/thumb/v7e-m/fpv5/hard\libc_nano.a(lib_a-nano-freer.o)
 .debug_frame   0x00000000000012b8       0x2c c:/st/stm32cubeide_1.0.2/stm32cubeide/plugins/com.st.stm32cube.ide.mcu.externaltools.gnu-tools-for-stm32.7-2018-q2-update.win32_1.0.0.201904181610/tools/bin/../lib/gcc/arm-none-eabi/7.3.1/../../../../arm-none-eabi/lib/thumb/v7e-m/fpv5/hard\libc_nano.a(lib_a-nano-mallocr.o)
 .debug_frame   0x00000000000012e4       0x74 c:/st/stm32cubeide_1.0.2/stm32cubeide/plugins/com.st.stm32cube.ide.mcu.externaltools.gnu-tools-for-stm32.7-2018-q2-update.win32_1.0.0.201904181610/tools/bin/../lib/gcc/arm-none-eabi/7.3.1/../../../../arm-none-eabi/lib/thumb/v7e-m/fpv5/hard\libc_nano.a(lib_a-printf.o)
 .debug_frame   0x0000000000001358       0x3c c:/st/stm32cubeide_1.0.2/stm32cubeide/plugins/com.st.stm32cube.ide.mcu.externaltools.gnu-tools-for-stm32.7-2018-q2-update.win32_1.0.0.201904181610/tools/bin/../lib/gcc/arm-none-eabi/7.3.1/../../../../arm-none-eabi/lib/thumb/v7e-m/fpv5/hard\libc_nano.a(lib_a-puts.o)
 .debug_frame   0x0000000000001394       0x2c c:/st/stm32cubeide_1.0.2/stm32cubeide/plugins/com.st.stm32cube.ide.mcu.externaltools.gnu-tools-for-stm32.7-2018-q2-update.win32_1.0.0.201904181610/tools/bin/../lib/gcc/arm-none-eabi/7.3.1/../../../../arm-none-eabi/lib/thumb/v7e-m/fpv5/hard\libc_nano.a(lib_a-sbrkr.o)